Archive member included because of file (symbol)

/home/chaitannya/CodeSourcery/bin/../lib/gcc/arm-none-eabi/4.7.3/../../../../arm-none-eabi/lib/thumb2/libm.a(lib_a-w_acos.o)
                              obj/src/main.o (acos)
/home/chaitannya/CodeSourcery/bin/../lib/gcc/arm-none-eabi/4.7.3/../../../../arm-none-eabi/lib/thumb2/libm.a(lib_a-w_sqrt.o)
                              obj/src/main.o (sqrt)
/home/chaitannya/CodeSourcery/bin/../lib/gcc/arm-none-eabi/4.7.3/../../../../arm-none-eabi/lib/thumb2/libm.a(lib_a-wf_atan2.o)
                              obj/src/main.o (atan2f)
/home/chaitannya/CodeSourcery/bin/../lib/gcc/arm-none-eabi/4.7.3/../../../../arm-none-eabi/lib/thumb2/libm.a(lib_a-e_acos.o)
                              /home/chaitannya/CodeSourcery/bin/../lib/gcc/arm-none-eabi/4.7.3/../../../../arm-none-eabi/lib/thumb2/libm.a(lib_a-w_acos.o) (__ieee754_acos)
/home/chaitannya/CodeSourcery/bin/../lib/gcc/arm-none-eabi/4.7.3/../../../../arm-none-eabi/lib/thumb2/libm.a(lib_a-e_sqrt.o)
                              /home/chaitannya/CodeSourcery/bin/../lib/gcc/arm-none-eabi/4.7.3/../../../../arm-none-eabi/lib/thumb2/libm.a(lib_a-w_sqrt.o) (__ieee754_sqrt)
/home/chaitannya/CodeSourcery/bin/../lib/gcc/arm-none-eabi/4.7.3/../../../../arm-none-eabi/lib/thumb2/libm.a(lib_a-ef_atan2.o)
                              /home/chaitannya/CodeSourcery/bin/../lib/gcc/arm-none-eabi/4.7.3/../../../../arm-none-eabi/lib/thumb2/libm.a(lib_a-wf_atan2.o) (__ieee754_atan2f)
/home/chaitannya/CodeSourcery/bin/../lib/gcc/arm-none-eabi/4.7.3/../../../../arm-none-eabi/lib/thumb2/libm.a(lib_a-s_fabs.o)
                              /home/chaitannya/CodeSourcery/bin/../lib/gcc/arm-none-eabi/4.7.3/../../../../arm-none-eabi/lib/thumb2/libm.a(lib_a-w_acos.o) (fabs)
/home/chaitannya/CodeSourcery/bin/../lib/gcc/arm-none-eabi/4.7.3/../../../../arm-none-eabi/lib/thumb2/libm.a(lib_a-s_fpclassify.o)
                              /home/chaitannya/CodeSourcery/bin/../lib/gcc/arm-none-eabi/4.7.3/../../../../arm-none-eabi/lib/thumb2/libm.a(lib_a-w_acos.o) (__fpclassifyd)
/home/chaitannya/CodeSourcery/bin/../lib/gcc/arm-none-eabi/4.7.3/../../../../arm-none-eabi/lib/thumb2/libm.a(lib_a-s_lib_ver.o)
                              /home/chaitannya/CodeSourcery/bin/../lib/gcc/arm-none-eabi/4.7.3/../../../../arm-none-eabi/lib/thumb2/libm.a(lib_a-w_acos.o) (__fdlib_version)
/home/chaitannya/CodeSourcery/bin/../lib/gcc/arm-none-eabi/4.7.3/../../../../arm-none-eabi/lib/thumb2/libm.a(lib_a-s_matherr.o)
                              /home/chaitannya/CodeSourcery/bin/../lib/gcc/arm-none-eabi/4.7.3/../../../../arm-none-eabi/lib/thumb2/libm.a(lib_a-w_acos.o) (matherr)
/home/chaitannya/CodeSourcery/bin/../lib/gcc/arm-none-eabi/4.7.3/../../../../arm-none-eabi/lib/thumb2/libm.a(lib_a-s_nan.o)
                              /home/chaitannya/CodeSourcery/bin/../lib/gcc/arm-none-eabi/4.7.3/../../../../arm-none-eabi/lib/thumb2/libm.a(lib_a-w_acos.o) (nan)
/home/chaitannya/CodeSourcery/bin/../lib/gcc/arm-none-eabi/4.7.3/../../../../arm-none-eabi/lib/thumb2/libm.a(lib_a-sf_atan.o)
                              /home/chaitannya/CodeSourcery/bin/../lib/gcc/arm-none-eabi/4.7.3/../../../../arm-none-eabi/lib/thumb2/libm.a(lib_a-ef_atan2.o) (atanf)
/home/chaitannya/CodeSourcery/bin/../lib/gcc/arm-none-eabi/4.7.3/../../../../arm-none-eabi/lib/thumb2/libm.a(lib_a-sf_fabs.o)
                              /home/chaitannya/CodeSourcery/bin/../lib/gcc/arm-none-eabi/4.7.3/../../../../arm-none-eabi/lib/thumb2/libm.a(lib_a-ef_atan2.o) (fabsf)
/home/chaitannya/CodeSourcery/bin/../lib/gcc/arm-none-eabi/4.7.3/thumb2/libgcc.a(_arm_addsubdf3.o)
                              /home/chaitannya/CodeSourcery/bin/../lib/gcc/arm-none-eabi/4.7.3/../../../../arm-none-eabi/lib/thumb2/libm.a(lib_a-e_acos.o) (__aeabi_dsub)
/home/chaitannya/CodeSourcery/bin/../lib/gcc/arm-none-eabi/4.7.3/thumb2/libgcc.a(_arm_muldivdf3.o)
                              obj/src/main.o (__aeabi_dmul)
/home/chaitannya/CodeSourcery/bin/../lib/gcc/arm-none-eabi/4.7.3/thumb2/libgcc.a(_arm_cmpdf2.o)
                              /home/chaitannya/CodeSourcery/bin/../lib/gcc/arm-none-eabi/4.7.3/../../../../arm-none-eabi/lib/thumb2/libm.a(lib_a-w_sqrt.o) (__aeabi_dcmplt)
/home/chaitannya/CodeSourcery/bin/../lib/gcc/arm-none-eabi/4.7.3/thumb2/libgcc.a(_arm_truncdfsf2.o)
                              obj/src/main.o (__aeabi_d2f)
/home/chaitannya/CodeSourcery/bin/../lib/gcc/arm-none-eabi/4.7.3/thumb2/libgcc.a(_arm_addsubsf3.o)
                              /home/chaitannya/CodeSourcery/bin/../lib/gcc/arm-none-eabi/4.7.3/../../../../arm-none-eabi/lib/thumb2/libm.a(lib_a-ef_atan2.o) (__aeabi_fsub)
/home/chaitannya/CodeSourcery/bin/../lib/gcc/arm-none-eabi/4.7.3/thumb2/libgcc.a(_arm_muldivsf3.o)
                              /home/chaitannya/CodeSourcery/bin/../lib/gcc/arm-none-eabi/4.7.3/../../../../arm-none-eabi/lib/thumb2/libm.a(lib_a-sf_atan.o) (__aeabi_fmul)
[...]
Memory Configuration

Name             Origin             Length             Attributes
FLASH            0x08000000         0x00040000         xr
RAM              0x20000000         0x0000a000         xrw
MEMORY_B1        0x60000000         0x00000000         xr
*default*        0x00000000         0xffffffff

Linker script and memory map

LOAD /home/chaitannya/CodeSourcery/bin/../lib/gcc/arm-none-eabi/4.7.3/thumb2/crti.o
LOAD /home/chaitannya/CodeSourcery/bin/../lib/gcc/arm-none-eabi/4.7.3/thumb2/crtbegin.o
LOAD obj/src/OSAL/startup_stm32f30x.o
LOAD obj/src/OSAL/system_stm32f30x.o
LOAD obj/src/main.o
LOAD obj/src/stm32f30x_it.o
LOAD obj/src/syscalls.o
LOAD obj/src/stm32f3_discovery_l3gd20.o
LOAD obj/src/stm32f3_discovery_lsm303dlhc.o
LOAD obj/src/stm32f3_discovery.o
LOAD obj/libs/STM32F30x_StdPeriph_Driver/src/stm32f30x_misc.o
LOAD obj/libs/STM32F30x_StdPeriph_Driver/src/stm32f30x_exti.o
LOAD obj/libs/STM32F30x_StdPeriph_Driver/src/stm32f30x_gpio.o
LOAD obj/libs/STM32F30x_StdPeriph_Driver/src/stm32f30x_i2c.o
LOAD obj/libs/STM32F30x_StdPeriph_Driver/src/stm32f30x_rcc.o
LOAD obj/libs/STM32F30x_StdPeriph_Driver/src/stm32f30x_spi.o
LOAD obj/libs/STM32F30x_StdPeriph_Driver/src/stm32f30x_syscfg.o
LOAD obj/libs/STM32F30x_StdPeriph_Driver/src/stm32f30x_usart.o
LOAD /home/chaitannya/CodeSourcery/bin/../lib/gcc/arm-none-eabi/4.7.3/../../../../arm-none-eabi/lib/thumb2/libm.a
START GROUP
LOAD /home/chaitannya/CodeSourcery/bin/../lib/gcc/arm-none-eabi/4.7.3/thumb2/libgcc.a
LOAD /home/chaitannya/CodeSourcery/bin/../lib/gcc/arm-none-eabi/4.7.3/../../../../arm-none-eabi/lib/thumb2/libc.a
END GROUP
LOAD /home/chaitannya/CodeSourcery/bin/../lib/gcc/arm-none-eabi/4.7.3/thumb2/crtend.o
LOAD /home/chaitannya/CodeSourcery/bin/../lib/gcc/arm-none-eabi/4.7.3/thumb2/crtn.o
                0x2000a000                _estack = 0x2000a000
                0x00000200                _Min_Heap_Size = 0x200
                0x00000400                _Min_Stack_Size = 0x400

.isr_vector     0x08000000      0x188
                0x08000000                . = ALIGN (0x4)
 *(.isr_vector)
 .isr_vector    0x08000000      0x188 obj/src/OSAL/startup_stm32f30x.o
                0x08000000                g_pfnVectors
                0x08000188                . = ALIGN (0x4)

.eh_frame       0x08000188        0x0
 .eh_frame      0x08000188        0x0 /home/chaitannya/CodeSourcery/bin/../lib/gcc/arm-none-eabi/4.7.3/thumb2/crtbegin.o

.text           0x08000188     0x4cd4
                0x08000188                . = ALIGN (0x4)
 *(.text)
 .text          0x08000188       0xc8 /home/chaitannya/CodeSourcery/bin/../lib/gcc/arm-none-eabi/4.7.3/thumb2/crtbegin.o
 .text          0x08000250       0xa8 /home/chaitannya/CodeSourcery/bin/../lib/gcc/arm-none-eabi/4.7.3/../../../../arm-none-eabi/lib/thumb2/libm.a(lib_a-w_acos.o)
                0x08000250                acos
 .text          0x080002f8       0xac /home/chaitannya/CodeSourcery/bin/../lib/gcc/arm-none-eabi/4.7.3/../../../../arm-none-eabi/lib/thumb2/libm.a(lib_a-w_sqrt.o)
                0x080002f8                sqrt
 .text          0x080003a4        0x4 /home/chaitannya/CodeSourcery/bin/../lib/gcc/arm-none-eabi/4.7.3/../../../../arm-none-eabi/lib/thumb2/libm.a(lib_a-wf_atan2.o)
                0x080003a4                atan2f
 .text          0x080003a8      0x4d0 /home/chaitannya/CodeSourcery/bin/../lib/gcc/arm-none-eabi/4.7.3/../../../../arm-none-eabi/lib/thumb2/libm.a(lib_a-e_acos.o)
                0x080003a8                __ieee754_acos
 .text          0x08000878      0x18c /home/chaitannya/CodeSourcery/bin/../lib/gcc/arm-none-eabi/4.7.3/../../../../arm-none-eabi/lib/thumb2/libm.a(lib_a-e_sqrt.o)
                0x08000878                __ieee754_sqrt
 .text          0x08000a04      0x14c /home/chaitannya/CodeSourcery/bin/../lib/gcc/arm-none-eabi/4.7.3/../../../../arm-none-eabi/lib/thumb2/libm.a(lib_a-ef_atan2.o)
                0x08000a04                __ieee754_atan2f
 .text          0x08000b50        0x8 /home/chaitannya/CodeSourcery/bin/../lib/gcc/arm-none-eabi/4.7.3/../../../../arm-none-eabi/lib/thumb2/libm.a(lib_a-s_fabs.o)
                0x08000b50                fabs
 .text          0x08000b58       0x50 /home/chaitannya/CodeSourcery/bin/../lib/gcc/arm-none-eabi/4.7.3/../../../../arm-none-eabi/lib/thumb2/libm.a(lib_a-s_fpclassify.o)
                0x08000b58                __fpclassifyd
 .text          0x08000ba8        0x4 /home/chaitannya/CodeSourcery/bin/../lib/gcc/arm-none-eabi/4.7.3/../../../../arm-none-eabi/lib/thumb2/libm.a(lib_a-s_matherr.o)
                0x08000ba8                matherr
 .text          0x08000bac        0xc /home/chaitannya/CodeSourcery/bin/../lib/gcc/arm-none-eabi/4.7.3/../../../../arm-none-eabi/lib/thumb2/libm.a(lib_a-s_nan.o)
                0x08000bac                nan
 .text          0x08000bb8      0x23c /home/chaitannya/CodeSourcery/bin/../lib/gcc/arm-none-eabi/4.7.3/../../../../arm-none-eabi/lib/thumb2/libm.a(lib_a-sf_atan.o)
                0x08000bb8                atanf
 .text          0x08000df4        0x8 /home/chaitannya/CodeSourcery/bin/../lib/gcc/arm-none-eabi/4.7.3/../../../../arm-none-eabi/lib/thumb2/libm.a(lib_a-sf_fabs.o)
                0x08000df4                fabsf
 .text          0x08000dfc      0x370 /home/chaitannya/CodeSourcery/bin/../lib/gcc/arm-none-eabi/4.7.3/thumb2/libgcc.a(_arm_addsubdf3.o)
                0x08000dfc                __aeabi_drsub
                0x08000e04                __aeabi_dsub
                0x08000e04                __subdf3
                0x08000e08                __adddf3
                0x08000e08                __aeabi_dadd
                0x08001080                __aeabi_ui2d
                0x08001080                __floatunsidf
                0x080010a0                __floatsidf
                0x080010a0                __aeabi_i2d
                0x080010c4                __extendsfdf2
                0x080010c4                __aeabi_f2d
                0x08001100                __aeabi_ul2d
                0x08001100                __floatundidf
                0x08001110                __floatdidf
                0x08001110                __aeabi_l2d
 .text          0x0800116c      0x424 /home/chaitannya/CodeSourcery/bin/../lib/gcc/arm-none-eabi/4.7.3/thumb2/libgcc.a(_arm_muldivdf3.o)
                0x0800116c                __aeabi_dmul
                0x0800116c                __muldf3
                0x080013c0                __aeabi_ddiv
                0x080013c0                __divdf3
 .text          0x08001590      0x110 /home/chaitannya/CodeSourcery/bin/../lib/gcc/arm-none-eabi/4.7.3/thumb2/libgcc.a(_arm_cmpdf2.o)
                0x08001590                __gtdf2
                0x08001590                __gedf2
                0x08001598                __ltdf2
                0x08001598                __ledf2
                0x080015a0                __cmpdf2
                0x080015a0                __eqdf2
                0x080015a0                __nedf2
                0x0800161c                __aeabi_cdrcmple
                0x0800162c                __aeabi_cdcmple
                0x0800162c                __aeabi_cdcmpeq
                0x0800163c                __aeabi_dcmpeq
                0x08001650                __aeabi_dcmplt
                0x08001664                __aeabi_dcmple
                0x08001678                __aeabi_dcmpge
                0x0800168c                __aeabi_dcmpgt
 .text          0x080016a0       0xa0 /home/chaitannya/CodeSourcery/bin/../lib/gcc/arm-none-eabi/4.7.3/thumb2/libgcc.a(_arm_truncdfsf2.o)
                0x080016a0                __aeabi_d2f
                0x080016a0                __truncdfsf2
 .text          0x08001740      0x21c /home/chaitannya/CodeSourcery/bin/../lib/gcc/arm-none-eabi/4.7.3/thumb2/libgcc.a(_arm_addsubsf3.o)
                0x08001740                __aeabi_frsub
                0x08001748                __subsf3
                0x08001748                __aeabi_fsub
                0x0800174c                __aeabi_fadd
                0x0800174c                __addsf3
                0x080018ac                __aeabi_ui2f
                0x080018ac                __floatunsisf
                0x080018b4                __aeabi_i2f
                0x080018b4                __floatsisf
                0x080018d0                __floatundisf
                0x080018d0                __aeabi_ul2f
                0x080018e0                __floatdisf
                0x080018e0                __aeabi_l2f
 .text          0x0800195c      0x2a0 /home/chaitannya/CodeSourcery/bin/../lib/gcc/arm-none-eabi/4.7.3/thumb2/libgcc.a(_arm_muldivsf3.o)
                0x0800195c                __mulsf3
                0x0800195c                __aeabi_fmul
                0x08001ac4                __divsf3
                0x08001ac4                __aeabi_fdiv
 .text          0x08001bfc       0xec /home/chaitannya/CodeSourcery/bin/../lib/gcc/arm-none-eabi/4.7.3/thumb2/libgcc.a(_arm_cmpsf2.o)
                0x08001bfc                __gtsf2
                0x08001bfc                __gesf2
                0x08001c04                __lesf2
                0x08001c04                __ltsf2
                0x08001c0c                __nesf2
                0x08001c0c                __eqsf2
                0x08001c0c                __cmpsf2
                0x08001c6c                __aeabi_cfrcmple
                0x08001c74                __aeabi_cfcmple
                0x08001c74                __aeabi_cfcmpeq
                0x08001c84                __aeabi_fcmpeq
                0x08001c98                __aeabi_fcmplt
                0x08001cac                __aeabi_fcmple
                0x08001cc0                __aeabi_fcmpge
                0x08001cd4                __aeabi_fcmpgt
 .text          0x08001ce8        0xc /home/chaitannya/CodeSourcery/bin/../lib/gcc/arm-none-eabi/4.7.3/../../../../arm-none-eabi/lib/thumb2/libc.a(lib_a-errno.o)
                0x08001ce8                __errno
 .text          0x08001cf4       0x58 /home/chaitannya/CodeSourcery/bin/../lib/gcc/arm-none-eabi/4.7.3/../../../../arm-none-eabi/lib/thumb2/libc.a(lib_a-init.o)
                0x08001cf4                __libc_init_array
 *(.text*)
 .text.Reset_Handler
                0x08001d4c       0x54 obj/src/OSAL/startup_stm32f30x.o
                0x08001d4c                Reset_Handler
 .text.Default_Handler
                0x08001da0        0x4 obj/src/OSAL/startup_stm32f30x.o
                0x08001da0                RTC_Alarm_IRQHandler
                0x08001da0                TIM8_TRG_COM_IRQHandler
                0x08001da0                TIM8_CC_IRQHandler
                0x08001da0                TIM1_CC_IRQHandler
                0x08001da0                USB_HP_IRQHandler
                0x08001da0                PVD_IRQHandler
                0x08001da0                EXTI3_IRQHandler
                0x08001da0                I2C2_EV_IRQHandler
                0x08001da0                FPU_IRQHandler
                0x08001da0                EXTI2_TS_IRQHandler
                0x08001da0                TIM1_UP_TIM16_IRQHandler
                0x08001da0                ADC1_2_IRQHandler
                0x08001da0                SPI1_IRQHandler
                0x08001da0                TIM6_DAC_IRQHandler
                0x08001da0                TIM8_UP_IRQHandler
                0x08001da0                DMA2_Channel2_IRQHandler
                0x08001da0                DMA1_Channel4_IRQHandler
                0x08001da0                USART3_IRQHandler
                0x08001da0                DMA1_Channel7_IRQHandler
                0x08001da0                CAN1_RX1_IRQHandler
                0x08001da0                UART5_IRQHandler
                0x08001da0                ADC3_IRQHandler
                0x08001da0                TIM4_IRQHandler
                0x08001da0                DMA2_Channel1_IRQHandler
                0x08001da0                I2C1_EV_IRQHandler
                0x08001da0                DMA1_Channel6_IRQHandler
                0x08001da0                UART4_IRQHandler
                0x08001da0                DMA2_Channel4_IRQHandler
                0x08001da0                TIM3_IRQHandler
                0x08001da0                RCC_IRQHandler
                0x08001da0                DMA1_Channel1_IRQHandler
                0x08001da0                Default_Handler
                0x08001da0                USBWakeUp_RMP_IRQHandler
                0x08001da0                EXTI15_10_IRQHandler
                0x08001da0                TIM7_IRQHandler
                0x08001da0                EXTI9_5_IRQHandler
                0x08001da0                TAMPER_STAMP_IRQHandler
                0x08001da0                RTC_WKUP_IRQHandler
                0x08001da0                SPI2_IRQHandler
                0x08001da0                DMA2_Channel5_IRQHandler
                0x08001da0                DMA1_Channel5_IRQHandler
                0x08001da0                USB_LP_IRQHandler
                0x08001da0                EXTI4_IRQHandler
                0x08001da0                USB_LP_CAN1_RX0_IRQHandler
                0x08001da0                TIM1_TRG_COM_TIM17_IRQHandler
                0x08001da0                USB_HP_CAN1_TX_IRQHandler
                0x08001da0                DMA1_Channel3_IRQHandler
                0x08001da0                ADC4_IRQHandler
                0x08001da0                WWDG_IRQHandler
                0x08001da0                TIM2_IRQHandler
                0x08001da0                COMP7_IRQHandler
                0x08001da0                COMP1_2_3_IRQHandler
                0x08001da0                EXTI1_IRQHandler
                0x08001da0                USART2_IRQHandler
                0x08001da0                COMP4_5_6_IRQHandler
                0x08001da0                I2C2_ER_IRQHandler
                0x08001da0                DMA1_Channel2_IRQHandler
                0x08001da0                TIM8_BRK_IRQHandler
                0x08001da0                CAN1_SCE_IRQHandler
                0x08001da0                FLASH_IRQHandler
                0x08001da0                USART1_IRQHandler
                0x08001da0                SPI3_IRQHandler
                0x08001da0                I2C1_ER_IRQHandler
                0x08001da0                USBWakeUp_IRQHandler
                0x08001da0                DMA2_Channel3_IRQHandler
                0x08001da0                TIM1_BRK_TIM15_IRQHandler
 .text.SystemInit
                0x08001da4       0x94 obj/src/OSAL/system_stm32f30x.o
                0x08001da4                SystemInit
 .text.SetSysClock
                0x08001e38       0xec obj/src/OSAL/system_stm32f30x.o
 .text.NVIC_SetPriority
                0x08001f24       0x58 obj/src/main.o
 .text.SysTick_Config
                0x08001f7c       0x54 obj/src/main.o
 .text.main     0x08001fd0      0xdf8 obj/src/main.o
                0x08001fd0                main
 .text.Demo_GyroReadAngRate
                0x08002dc8      0x18c obj/src/main.o
                0x08002dc8                Demo_GyroReadAngRate
 .text.Demo_CompassConfig
                0x08002f54       0x84 obj/src/main.o
                0x08002f54                Demo_CompassConfig
 .text.Demo_CompassReadAcc
                0x08002fd8      0x210 obj/src/main.o
                0x08002fd8                Demo_CompassReadAcc
 .text.Demo_CompassReadMag
                0x080031e8      0x1f4 obj/src/main.o
                0x080031e8                Demo_CompassReadMag
 .text.Delay    0x080033dc       0x28 obj/src/main.o
                0x080033dc                Delay
 .text.TimingDelay_Decrement
                0x08003404       0x24 obj/src/main.o
                0x08003404                TimingDelay_Decrement
 .text.LSM303DLHC_TIMEOUT_UserCallback
                0x08003428       0x10 obj/src/main.o
                0x08003428                LSM303DLHC_TIMEOUT_UserCallback
 .text.L3GD20_TIMEOUT_UserCallback
                0x08003438       0x10 obj/src/main.o
                0x08003438                L3GD20_TIMEOUT_UserCallback
 .text.NMI_Handler
                0x08003448        0xc obj/src/stm32f30x_it.o
                0x08003448                NMI_Handler
 .text.HardFault_Handler
                0x08003454        0x8 obj/src/stm32f30x_it.o
                0x08003454                HardFault_Handler
 .text.MemManage_Handler
                0x0800345c        0x8 obj/src/stm32f30x_it.o
                0x0800345c                MemManage_Handler
 .text.BusFault_Handler
                0x08003464        0x8 obj/src/stm32f30x_it.o
                0x08003464                BusFault_Handler
 .text.UsageFault_Handler
                0x0800346c        0x8 obj/src/stm32f30x_it.o
                0x0800346c                UsageFault_Handler
 .text.SVC_Handler
                0x08003474        0xc obj/src/stm32f30x_it.o
                0x08003474                SVC_Handler
 .text.DebugMon_Handler
                0x08003480        0xc obj/src/stm32f30x_it.o
                0x08003480                DebugMon_Handler
 .text.PendSV_Handler
                0x0800348c        0xc obj/src/stm32f30x_it.o
                0x0800348c                PendSV_Handler
 .text.SysTick_Handler
                0x08003498       0x20 obj/src/stm32f30x_it.o
                0x08003498                SysTick_Handler
 .text.EXTI0_IRQHandler
                0x080034b8       0xa4 obj/src/stm32f30x_it.o
                0x080034b8                EXTI0_IRQHandler
 .text.L3GD20_Read
                0x0800355c       0x78 obj/src/stm32f3_discovery_l3gd20.o
                0x0800355c                L3GD20_Read
 .text.L3GD20_SendByte
                0x080035d4       0xac obj/src/stm32f3_discovery_l3gd20.o
 .text.LSM303DLHC_AccInit
                0x08003680       0x84 obj/src/stm32f3_discovery_lsm303dlhc.o
                0x08003680                LSM303DLHC_AccInit
 .text.LSM303DLHC_AccFilterConfig
                0x08003704       0x68 obj/src/stm32f3_discovery_lsm303dlhc.o
                0x08003704                LSM303DLHC_AccFilterConfig
 .text.LSM303DLHC_MagInit
                0x0800376c       0x88 obj/src/stm32f3_discovery_lsm303dlhc.o
                0x0800376c                LSM303DLHC_MagInit
 .text.LSM303DLHC_Write
                0x080037f4      0x1b0 obj/src/stm32f3_discovery_lsm303dlhc.o
                0x080037f4                LSM303DLHC_Write
 .text.LSM303DLHC_Read
                0x080039a4      0x1dc obj/src/stm32f3_discovery_lsm303dlhc.o
                0x080039a4                LSM303DLHC_Read
 .text.LSM303DLHC_LowLevel_Init
                0x08003b80      0x1a4 obj/src/stm32f3_discovery_lsm303dlhc.o
 .text.STM_EVAL_LEDInit
                0x08003d24       0x68 obj/src/stm32f3_discovery.o
                0x08003d24                STM_EVAL_LEDInit
 .text.STM_EVAL_LEDOn
                0x08003d8c       0x30 obj/src/stm32f3_discovery.o
                0x08003d8c                STM_EVAL_LEDOn
 .text.STM_EVAL_LEDOff
                0x08003dbc       0x30 obj/src/stm32f3_discovery.o
                0x08003dbc                STM_EVAL_LEDOff
 .text.STM_EVAL_LEDToggle
                0x08003dec       0x40 obj/src/stm32f3_discovery.o
                0x08003dec                STM_EVAL_LEDToggle
 .text.STM_EVAL_PBInit
                0x08003e2c       0xe0 obj/src/stm32f3_discovery.o
                0x08003e2c                STM_EVAL_PBInit
 .text.STM_EVAL_PBGetState
                0x08003f0c       0x38 obj/src/stm32f3_discovery.o
                0x08003f0c                STM_EVAL_PBGetState
 .text.NVIC_Init
                0x08003f44       0xd4 obj/libs/STM32F30x_StdPeriph_Driver/src/stm32f30x_misc.o
                0x08003f44                NVIC_Init
 .text.EXTI_Init
                0x08004018      0x250 obj/libs/STM32F30x_StdPeriph_Driver/src/stm32f30x_exti.o
                0x08004018                EXTI_Init
 .text.EXTI_GetITStatus
                0x08004268       0x84 obj/libs/STM32F30x_StdPeriph_Driver/src/stm32f30x_exti.o
                0x08004268                EXTI_GetITStatus
 .text.EXTI_ClearITPendingBit
                0x080042ec       0x34 obj/libs/STM32F30x_StdPeriph_Driver/src/stm32f30x_exti.o
                0x080042ec                EXTI_ClearITPendingBit
 .text.GPIO_Init
                0x08004320      0x150 obj/libs/STM32F30x_StdPeriph_Driver/src/stm32f30x_gpio.o
                0x08004320                GPIO_Init
 .text.GPIO_ReadInputDataBit
                0x08004470       0x40 obj/libs/STM32F30x_StdPeriph_Driver/src/stm32f30x_gpio.o
                0x08004470                GPIO_ReadInputDataBit
 .text.GPIO_SetBits
                0x080044b0       0x1c obj/libs/STM32F30x_StdPeriph_Driver/src/stm32f30x_gpio.o
                0x080044b0                GPIO_SetBits
 .text.GPIO_ResetBits
                0x080044cc       0x1c obj/libs/STM32F30x_StdPeriph_Driver/src/stm32f30x_gpio.o
                0x080044cc                GPIO_ResetBits
 .text.GPIO_PinAFConfig
                0x080044e8       0xa8 obj/libs/STM32F30x_StdPeriph_Driver/src/stm32f30x_gpio.o
                0x080044e8                GPIO_PinAFConfig
 .text.I2C_Init
                0x08004590       0xd0 obj/libs/STM32F30x_StdPeriph_Driver/src/stm32f30x_i2c.o
                0x08004590                I2C_Init
 .text.I2C_Cmd  0x08004660       0x38 obj/libs/STM32F30x_StdPeriph_Driver/src/stm32f30x_i2c.o
                0x08004660                I2C_Cmd
 .text.I2C_TransferHandling
                0x08004698       0x60 obj/libs/STM32F30x_StdPeriph_Driver/src/stm32f30x_i2c.o
                0x08004698                I2C_TransferHandling
 .text.I2C_SendData
                0x080046f8       0x1c obj/libs/STM32F30x_StdPeriph_Driver/src/stm32f30x_i2c.o
                0x080046f8                I2C_SendData
 .text.I2C_ReceiveData
                0x08004714       0x1c obj/libs/STM32F30x_StdPeriph_Driver/src/stm32f30x_i2c.o
                0x08004714                I2C_ReceiveData
 .text.I2C_GetFlagStatus
                0x08004730       0x48 obj/libs/STM32F30x_StdPeriph_Driver/src/stm32f30x_i2c.o
                0x08004730                I2C_GetFlagStatus
 .text.I2C_ClearFlag
                0x08004778       0x1c obj/libs/STM32F30x_StdPeriph_Driver/src/stm32f30x_i2c.o
                0x08004778                I2C_ClearFlag
 .text.RCC_GetClocksFreq
                0x08004794      0x440 obj/libs/STM32F30x_StdPeriph_Driver/src/stm32f30x_rcc.o
                0x08004794                RCC_GetClocksFreq
 .text.RCC_AHBPeriphClockCmd
                0x08004bd4       0x40 obj/libs/STM32F30x_StdPeriph_Driver/src/stm32f30x_rcc.o
                0x08004bd4                RCC_AHBPeriphClockCmd
 .text.RCC_APB2PeriphClockCmd
                0x08004c14       0x40 obj/libs/STM32F30x_StdPeriph_Driver/src/stm32f30x_rcc.o
                0x08004c14                RCC_APB2PeriphClockCmd
 .text.RCC_APB1PeriphClockCmd
                0x08004c54       0x40 obj/libs/STM32F30x_StdPeriph_Driver/src/stm32f30x_rcc.o
                0x08004c54                RCC_APB1PeriphClockCmd
 .text.SPI_SendData8
                0x08004c94       0x30 obj/libs/STM32F30x_StdPeriph_Driver/src/stm32f30x_spi.o
                0x08004c94                SPI_SendData8
 .text.SPI_ReceiveData8
                0x08004cc4       0x2c obj/libs/STM32F30x_StdPeriph_Driver/src/stm32f30x_spi.o
                0x08004cc4                SPI_ReceiveData8
 .text.SPI_I2S_GetFlagStatus
                0x08004cf0       0x40 obj/libs/STM32F30x_StdPeriph_Driver/src/stm32f30x_spi.o
                0x08004cf0                SPI_I2S_GetFlagStatus
 .text.SYSCFG_EXTILineConfig
                0x08004d30       0x98 obj/libs/STM32F30x_StdPeriph_Driver/src/stm32f30x_syscfg.o
                0x08004d30                SYSCFG_EXTILineConfig
 *(.rodata)
 .rodata        0x08004dc8       0x20 /home/chaitannya/CodeSourcery/bin/../lib/gcc/arm-none-eabi/4.7.3/../../../../arm-none-eabi/lib/thumb2/libm.a(lib_a-sf_atan.o)
 *(.rodata*)
 .rodata.GPIO_PIN
                0x08004de8       0x10 obj/src/stm32f3_discovery.o
                0x08004de8                GPIO_PIN
 .rodata.GPIO_CLK
                0x08004df8       0x20 obj/src/stm32f3_discovery.o
                0x08004df8                GPIO_CLK
 .rodata.BUTTON_PIN
                0x08004e18        0x4 obj/src/stm32f3_discovery.o
                0x08004e18                BUTTON_PIN
 .rodata.BUTTON_CLK
                0x08004e1c        0x4 obj/src/stm32f3_discovery.o
                0x08004e1c                BUTTON_CLK
 .rodata.BUTTON_EXTI_LINE
                0x08004e20        0x4 obj/src/stm32f3_discovery.o
                0x08004e20                BUTTON_EXTI_LINE
 .rodata.BUTTON_PORT_SOURCE
                0x08004e24        0x4 obj/src/stm32f3_discovery.o
                0x08004e24                BUTTON_PORT_SOURCE
 .rodata.BUTTON_PIN_SOURCE
                0x08004e28        0x4 obj/src/stm32f3_discovery.o
                0x08004e28                BUTTON_PIN_SOURCE
 .rodata.BUTTON_IRQn
                0x08004e2c        0x4 obj/src/stm32f3_discovery.o
                0x08004e2c                BUTTON_IRQn
 .rodata.str1.4
                0x08004e30        0x5 /home/chaitannya/CodeSourcery/bin/../lib/gcc/arm-none-eabi/4.7.3/../../../../arm-none-eabi/lib/thumb2/libm.a(lib_a-w_acos.o)
                                  0xc (size before relaxing)
 *fill*         0x08004e35        0x3 
 .rodata.str1.4
                0x08004e38        0x5 /home/chaitannya/CodeSourcery/bin/../lib/gcc/arm-none-eabi/4.7.3/../../../../arm-none-eabi/lib/thumb2/libm.a(lib_a-w_sqrt.o)
                                  0x8 (size before relaxing)
 *fill*         0x08004e3d        0x3 
 .rodata.str1.4
                0x08004e40        0x4 /home/chaitannya/CodeSourcery/bin/../lib/gcc/arm-none-eabi/4.7.3/../../../../arm-none-eabi/lib/thumb2/libc.a(lib_a-impure.o)
 *(.glue_7)
 .glue_7        0x00000000        0x0 linker stubs
 *(.glue_7t)
 .glue_7t       0x00000000        0x0 linker stubs
 *(.init)
 .init          0x08004e44        0x4 /home/chaitannya/CodeSourcery/bin/../lib/gcc/arm-none-eabi/4.7.3/thumb2/crti.o
                0x08004e44                _init
 .init          0x08004e48        0x8 /home/chaitannya/CodeSourcery/bin/../lib/gcc/arm-none-eabi/4.7.3/thumb2/crtn.o
 *(.fini)
 .fini          0x08004e50        0x4 /home/chaitannya/CodeSourcery/bin/../lib/gcc/arm-none-eabi/4.7.3/thumb2/crti.o
                0x08004e50                _fini
 .fini          0x08004e54        0x8 /home/chaitannya/CodeSourcery/bin/../lib/gcc/arm-none-eabi/4.7.3/thumb2/crtn.o
                0x08004e5c                . = ALIGN (0x4)
                0x08004e5c                _etext = .

.vfp11_veneer   0x08004e5c        0x0
 .vfp11_veneer  0x00000000        0x0 linker stubs

.v4_bx          0x08004e5c        0x0
 .v4_bx         0x00000000        0x0 linker stubs

.iplt           0x08004e5c        0x0
 .iplt          0x00000000        0x0 /home/chaitannya/CodeSourcery/bin/../lib/gcc/arm-none-eabi/4.7.3/thumb2/crtbegin.o

.rel.dyn        0x08004e5c        0x0
 .rel.iplt      0x00000000        0x0 /home/chaitannya/CodeSourcery/bin/../lib/gcc/arm-none-eabi/4.7.3/thumb2/crtbegin.o

.ARM.extab
 *(.ARM.extab* .gnu.linkonce.armextab.*)

.ARM            0x08004e5c        0x0
                0x08004e5c                __exidx_start = .
 *(.ARM.exidx*)
                0x08004e5c                __exidx_end = .

.preinit_array  0x08004e5c        0x0
                0x08004e5c                PROVIDE (__preinit_array_start, .)
 *(.preinit_array*)
                0x08004e5c                PROVIDE (__preinit_array_end, .)

.init_array     0x08004e5c        0x4
                0x08004e5c                PROVIDE (__init_array_start, .)
 *(SORT(.init_array.*))
 *(.init_array*)
 .init_array    0x08004e5c        0x4 /home/chaitannya/CodeSourcery/bin/../lib/gcc/arm-none-eabi/4.7.3/thumb2/crtbegin.o
                0x08004e60                PROVIDE (__init_array_end, .)

.fini_array     0x08004e60        0x4
                0x08004e60                PROVIDE (__fini_array_start, .)
 *(.fini_array*)
 .fini_array    0x08004e60        0x4 /home/chaitannya/CodeSourcery/bin/../lib/gcc/arm-none-eabi/4.7.3/thumb2/crtbegin.o
 *(SORT(.fini_array.*))
                0x08004e64                PROVIDE (__fini_array_end, .)
                0x08004e64                _sidata = .

.data           0x20000000      0x150 load address 0x08004e64
                0x20000000                . = ALIGN (0x4)
                0x20000000                _sdata = .
 *(.data)
 .data          0x20000000        0x1 /home/chaitannya/CodeSourcery/bin/../lib/gcc/arm-none-eabi/4.7.3/../../../../arm-none-eabi/lib/thumb2/libm.a(lib_a-s_lib_ver.o)
                0x20000000                __fdlib_version
 *fill*         0x20000001        0x3 
 .data          0x20000004       0xf4 /home/chaitannya/CodeSourcery/bin/../lib/gcc/arm-none-eabi/4.7.3/../../../../arm-none-eabi/lib/thumb2/libc.a(lib_a-impure.o)
                0x20000004                _impure_ptr
 *(.data*)
 .data.L3GD20Timeout
                0x200000f8        0x4 obj/src/stm32f3_discovery_l3gd20.o
                0x200000f8                L3GD20Timeout
 .data.LSM303DLHC_Timeout
                0x200000fc        0x4 obj/src/stm32f3_discovery_lsm303dlhc.o
                0x200000fc                LSM303DLHC_Timeout
 .data.GPIO_PORT
                0x20000100       0x20 obj/src/stm32f3_discovery.o
                0x20000100                GPIO_PORT
 .data.BUTTON_PORT
                0x20000120        0x4 obj/src/stm32f3_discovery.o
                0x20000120                BUTTON_PORT
 .data.APBAHBPrescTable
                0x20000124       0x10 obj/libs/STM32F30x_StdPeriph_Driver/src/stm32f30x_rcc.o
 .data.ADCPrescTable
                0x20000134       0x1c obj/libs/STM32F30x_StdPeriph_Driver/src/stm32f30x_rcc.o
                0x20000150                . = ALIGN (0x4)
                0x20000150                _edata = .

.jcr            0x20000150        0x0 load address 0x08004fb4
 .jcr           0x20000150        0x0 /home/chaitannya/CodeSourcery/bin/../lib/gcc/arm-none-eabi/4.7.3/thumb2/crtbegin.o

.tm_clone_table
                0x20000150        0x0 load address 0x08004fb4
 .tm_clone_table
                0x20000150        0x0 /home/chaitannya/CodeSourcery/bin/../lib/gcc/arm-none-eabi/4.7.3/thumb2/crtbegin.o
 .tm_clone_table
                0x20000150        0x0 /home/chaitannya/CodeSourcery/bin/../lib/gcc/arm-none-eabi/4.7.3/thumb2/crtend.o

.igot.plt       0x20000150        0x0 load address 0x08004fb4
 .igot.plt      0x00000000        0x0 /home/chaitannya/CodeSourcery/bin/../lib/gcc/arm-none-eabi/4.7.3/thumb2/crtbegin.o
                0x20000150                . = ALIGN (0x4)

.bss            0x20000150       0xc0 load address 0x08004fb4
                0x20000150                _sbss = .
                0x20000150                __bss_start__ = _sbss
 *(.bss)
 .bss           0x20000150       0x1c /home/chaitannya/CodeSourcery/bin/../lib/gcc/arm-none-eabi/4.7.3/thumb2/crtbegin.o
 *(.bss*)
 .bss.TimingDelay
                0x2000016c        0x4 obj/src/main.o
                0x2000016c                TimingDelay
 .bss.UserButtonPressed
                0x20000170        0x4 obj/src/main.o
                0x20000170                UserButtonPressed
 .bss.HeadingValue
                0x20000174        0x4 obj/src/main.o
                0x20000174                HeadingValue
 .bss.MagBuffer
                0x20000178        0xc obj/src/main.o
                0x20000178                MagBuffer
 .bss.AccBuffer
                0x20000184        0xc obj/src/main.o
                0x20000184                AccBuffer
 .bss.Buffer    0x20000190        0xc obj/src/main.o
                0x20000190                Buffer
 .bss.Yval      0x2000019c        0x1 obj/src/main.o
                0x2000019c                Yval
 .bss.DataReady
                0x2000019d        0x1 obj/src/main.o
                0x2000019d                DataReady
 *fill*         0x2000019e        0x2 
 .bss.fCosPitch
                0x200001a0        0x4 obj/src/main.o
                0x200001a0                fCosPitch
 .bss.RollAng   0x200001a4        0x4 obj/src/main.o
                0x200001a4                RollAng
 .bss.PitchAng  0x200001a8        0x4 obj/src/main.o
                0x200001a8                PitchAng
 .bss.fTiltedY  0x200001ac        0x4 obj/src/main.o
                0x200001ac                fTiltedY
 .bss.buffer.7715
                0x200001b0        0x8 obj/src/main.o
 .bss.i         0x200001b8        0x4 obj/src/stm32f30x_it.o
                0x200001b8                i
 *(COMMON)
 COMMON         0x200001bc       0x54 obj/src/main.o
                0x200001bc                Xval
                0x200001c0                fCosRoll
                0x200001c4                fTiltedX
                0x200001c8                fSinRoll
                0x200001cc                fSinPitch
                0x200001d0                fNormAcc
                0x200001d4                RCC_Clocks
                0x20000210                . = ALIGN (0x4)
                0x20000210                _ebss = .
                0x20000210                __bss_end__ = _ebss
                0x20000210                PROVIDE (end, _ebss)
                0x20000210                PROVIDE (_end, _ebss)

._user_heap_stack
                0x20000210      0x600 load address 0x08005074
                0x20000210                . = ALIGN (0x4)
                0x20000410                . = (. + _Min_Heap_Size)
 *fill*         0x20000210      0x200 
                0x20000810                . = (. + _Min_Stack_Size)
 *fill*         0x20000410      0x400 
                0x20000810                . = ALIGN (0x4)

.memory_b1_text
 *(.mb1text)
 *(.mb1text*)
 *(.mb1rodata)
 *(.mb1rodata*)

/DISCARD/
 libc.a(*)
 libm.a(*)
 libgcc.a(*)

.ARM.attributes
                0x00000000       0x33
 *(.ARM.attributes)
 .ARM.attributes
                0x00000000       0x19 /home/chaitannya/CodeSourcery/bin/../lib/gcc/arm-none-eabi/4.7.3/thumb2/crti.o
 .ARM.attributes
                0x00000019       0x29 /home/chaitannya/CodeSourcery/bin/../lib/gcc/arm-none-eabi/4.7.3/thumb2/crtbegin.o
 .ARM.attributes
                0x00000042       0x21 obj/src/OSAL/startup_stm32f30x.o
 .ARM.attributes
                0x00000063       0x37 obj/src/OSAL/system_stm32f30x.o
 .ARM.attributes
                0x0000009a       0x37 obj/src/main.o
 .ARM.attributes
                0x000000d1       0x37 obj/src/stm32f30x_it.o
 .ARM.attributes
                0x00000108       0x37 obj/src/stm32f3_discovery_l3gd20.o
 .ARM.attributes
                0x0000013f       0x37 obj/src/stm32f3_discovery_lsm303dlhc.o
 .ARM.attributes
                0x00000176       0x37 obj/src/stm32f3_discovery.o
 .ARM.attributes
                0x000001ad       0x37 obj/libs/STM32F30x_StdPeriph_Driver/src/stm32f30x_misc.o
 .ARM.attributes
                0x000001e4       0x37 obj/libs/STM32F30x_StdPeriph_Driver/src/stm32f30x_exti.o
 .ARM.attributes
                0x0000021b       0x37 obj/libs/STM32F30x_StdPeriph_Driver/src/stm32f30x_gpio.o
 .ARM.attributes
                0x00000252       0x37 obj/libs/STM32F30x_StdPeriph_Driver/src/stm32f30x_i2c.o
 .ARM.attributes
                0x00000289       0x37 obj/libs/STM32F30x_StdPeriph_Driver/src/stm32f30x_rcc.o
 .ARM.attributes
                0x000002c0       0x37 obj/libs/STM32F30x_StdPeriph_Driver/src/stm32f30x_spi.o
 .ARM.attributes
                0x000002f7       0x37 obj/libs/STM32F30x_StdPeriph_Driver/src/stm32f30x_syscfg.o
 .ARM.attributes
                0x0000032e       0x29 /home/chaitannya/CodeSourcery/bin/../lib/gcc/arm-none-eabi/4.7.3/../../../../arm-none-eabi/lib/thumb2/libm.a(lib_a-w_acos.o)
 .ARM.attributes
                0x00000357       0x29 /home/chaitannya/CodeSourcery/bin/../lib/gcc/arm-none-eabi/4.7.3/../../../../arm-none-eabi/lib/thumb2/libm.a(lib_a-w_sqrt.o)
 .ARM.attributes
                0x00000380       0x29 /home/chaitannya/CodeSourcery/bin/../lib/gcc/arm-none-eabi/4.7.3/../../../../arm-none-eabi/lib/thumb2/libm.a(lib_a-wf_atan2.o)
 .ARM.attributes
                0x000003a9       0x29 /home/chaitannya/CodeSourcery/bin/../lib/gcc/arm-none-eabi/4.7.3/../../../../arm-none-eabi/lib/thumb2/libm.a(lib_a-e_acos.o)
 .ARM.attributes
                0x000003d2       0x29 /home/chaitannya/CodeSourcery/bin/../lib/gcc/arm-none-eabi/4.7.3/../../../../arm-none-eabi/lib/thumb2/libm.a(lib_a-e_sqrt.o)
 .ARM.attributes
                0x000003fb       0x29 /home/chaitannya/CodeSourcery/bin/../lib/gcc/arm-none-eabi/4.7.3/../../../../arm-none-eabi/lib/thumb2/libm.a(lib_a-ef_atan2.o)
 .ARM.attributes
                0x00000424       0x29 /home/chaitannya/CodeSourcery/bin/../lib/gcc/arm-none-eabi/4.7.3/../../../../arm-none-eabi/lib/thumb2/libm.a(lib_a-s_fabs.o)
 .ARM.attributes
                0x0000044d       0x29 /home/chaitannya/CodeSourcery/bin/../lib/gcc/arm-none-eabi/4.7.3/../../../../arm-none-eabi/lib/thumb2/libm.a(lib_a-s_fpclassify.o)
 .ARM.attributes
                0x00000476       0x29 /home/chaitannya/CodeSourcery/bin/../lib/gcc/arm-none-eabi/4.7.3/../../../../arm-none-eabi/lib/thumb2/libm.a(lib_a-s_lib_ver.o)
 .ARM.attributes
                0x0000049f       0x29 /home/chaitannya/CodeSourcery/bin/../lib/gcc/arm-none-eabi/4.7.3/../../../../arm-none-eabi/lib/thumb2/libm.a(lib_a-s_matherr.o)
 .ARM.attributes
                0x000004c8       0x29 /home/chaitannya/CodeSourcery/bin/../lib/gcc/arm-none-eabi/4.7.3/../../../../arm-none-eabi/lib/thumb2/libm.a(lib_a-s_nan.o)
 .ARM.attributes
                0x000004f1       0x29 /home/chaitannya/CodeSourcery/bin/../lib/gcc/arm-none-eabi/4.7.3/../../../../arm-none-eabi/lib/thumb2/libm.a(lib_a-sf_atan.o)
 .ARM.attributes
                0x0000051a       0x29 /home/chaitannya/CodeSourcery/bin/../lib/gcc/arm-none-eabi/4.7.3/../../../../arm-none-eabi/lib/thumb2/libm.a(lib_a-sf_fabs.o)
 .ARM.attributes
                0x00000543       0x19 /home/chaitannya/CodeSourcery/bin/../lib/gcc/arm-none-eabi/4.7.3/thumb2/libgcc.a(_arm_addsubdf3.o)
 .ARM.attributes
                0x0000055c       0x19 /home/chaitannya/CodeSourcery/bin/../lib/gcc/arm-none-eabi/4.7.3/thumb2/libgcc.a(_arm_muldivdf3.o)
 .ARM.attributes
                0x00000575       0x19 /home/chaitannya/CodeSourcery/bin/../lib/gcc/arm-none-eabi/4.7.3/thumb2/libgcc.a(_arm_cmpdf2.o)
 .ARM.attributes
                0x0000058e       0x19 /home/chaitannya/CodeSourcery/bin/../lib/gcc/arm-none-eabi/4.7.3/thumb2/libgcc.a(_arm_truncdfsf2.o)
 .ARM.attributes
                0x000005a7       0x19 /home/chaitannya/CodeSourcery/bin/../lib/gcc/arm-none-eabi/4.7.3/thumb2/libgcc.a(_arm_addsubsf3.o)
 .ARM.attributes
                0x000005c0       0x19 /home/chaitannya/CodeSourcery/bin/../lib/gcc/arm-none-eabi/4.7.3/thumb2/libgcc.a(_arm_muldivsf3.o)
 .ARM.attributes
                0x000005d9       0x19 /home/chaitannya/CodeSourcery/bin/../lib/gcc/arm-none-eabi/4.7.3/thumb2/libgcc.a(_arm_cmpsf2.o)
 .ARM.attributes
                0x000005f2       0x29 /home/chaitannya/CodeSourcery/bin/../lib/gcc/arm-none-eabi/4.7.3/../../../../arm-none-eabi/lib/thumb2/libc.a(lib_a-errno.o)
 .ARM.attributes
                0x0000061b       0x29 /home/chaitannya/CodeSourcery/bin/../lib/gcc/arm-none-eabi/4.7.3/../../../../arm-none-eabi/lib/thumb2/libc.a(lib_a-impure.o)
 .ARM.attributes
                0x00000644       0x29 /home/chaitannya/CodeSourcery/bin/../lib/gcc/arm-none-eabi/4.7.3/../../../../arm-none-eabi/lib/thumb2/libc.a(lib_a-init.o)
 .ARM.attributes
                0x0000066d       0x29 /home/chaitannya/CodeSourcery/bin/../lib/gcc/arm-none-eabi/4.7.3/thumb2/crtend.o
 .ARM.attributes
                0x00000696       0x19 /home/chaitannya/CodeSourcery/bin/../lib/gcc/arm-none-eabi/4.7.3/thumb2/crtn.o
OUTPUT(obj/STM32F3_Test.elf elf32-littlearm)

.debug_info     0x00000000     0x6811
 .debug_info    0x00000000      0x4dd obj/src/OSAL/system_stm32f30x.o
 .debug_info    0x000004dd      0xde3 obj/src/main.o
 .debug_info    0x000012c0      0x1fc obj/src/stm32f30x_it.o
 .debug_info    0x000014bc      0x854 obj/src/stm32f3_discovery_l3gd20.o
 .debug_info    0x00001d10      0xa23 obj/src/stm32f3_discovery_lsm303dlhc.o
 .debug_info    0x00002733      0x891 obj/src/stm32f3_discovery.o
 .debug_info    0x00002fc4      0x596 obj/libs/STM32F30x_StdPeriph_Driver/src/stm32f30x_misc.o
 .debug_info    0x0000355a      0x3f4 obj/libs/STM32F30x_StdPeriph_Driver/src/stm32f30x_exti.o
 .debug_info    0x0000394e      0x63f obj/libs/STM32F30x_StdPeriph_Driver/src/stm32f30x_gpio.o
 .debug_info    0x00003f8d      0xcb2 obj/libs/STM32F30x_StdPeriph_Driver/src/stm32f30x_i2c.o
 .debug_info    0x00004c3f      0xb85 obj/libs/STM32F30x_StdPeriph_Driver/src/stm32f30x_rcc.o
 .debug_info    0x000057c4      0xc50 obj/libs/STM32F30x_StdPeriph_Driver/src/stm32f30x_spi.o
 .debug_info    0x00006414      0x3fd obj/libs/STM32F30x_StdPeriph_Driver/src/stm32f30x_syscfg.o

.debug_abbrev   0x00000000     0x13c9
 .debug_abbrev  0x00000000      0x149 obj/src/OSAL/system_stm32f30x.o
 .debug_abbrev  0x00000149      0x203 obj/src/main.o
 .debug_abbrev  0x0000034c       0xcf obj/src/stm32f30x_it.o
 .debug_abbrev  0x0000041b      0x1bb obj/src/stm32f3_discovery_l3gd20.o
 .debug_abbrev  0x000005d6      0x1a1 obj/src/stm32f3_discovery_lsm303dlhc.o
 .debug_abbrev  0x00000777      0x196 obj/src/stm32f3_discovery.o
 .debug_abbrev  0x0000090d      0x12b obj/libs/STM32F30x_StdPeriph_Driver/src/stm32f30x_misc.o
 .debug_abbrev  0x00000a38      0x17e obj/libs/STM32F30x_StdPeriph_Driver/src/stm32f30x_exti.o
 .debug_abbrev  0x00000bb6      0x198 obj/libs/STM32F30x_StdPeriph_Driver/src/stm32f30x_gpio.o
 .debug_abbrev  0x00000d4e      0x182 obj/libs/STM32F30x_StdPeriph_Driver/src/stm32f30x_i2c.o
 .debug_abbrev  0x00000ed0      0x1e7 obj/libs/STM32F30x_StdPeriph_Driver/src/stm32f30x_rcc.o
 .debug_abbrev  0x000010b7      0x18d obj/libs/STM32F30x_StdPeriph_Driver/src/stm32f30x_spi.o
 .debug_abbrev  0x00001244      0x185 obj/libs/STM32F30x_StdPeriph_Driver/src/stm32f30x_syscfg.o

.debug_loc      0x00000000     0x2d72
 .debug_loc     0x00000000       0x9c obj/src/OSAL/system_stm32f30x.o
 .debug_loc     0x0000009c      0x27c obj/src/main.o
 .debug_loc     0x00000318      0x1b8 obj/src/stm32f30x_it.o
 .debug_loc     0x000004d0      0x2a0 obj/src/stm32f3_discovery_l3gd20.o
 .debug_loc     0x00000770      0x380 obj/src/stm32f3_discovery_lsm303dlhc.o
 .debug_loc     0x00000af0      0x150 obj/src/stm32f3_discovery.o
 .debug_loc     0x00000c40      0x118 obj/libs/STM32F30x_StdPeriph_Driver/src/stm32f30x_misc.o
 .debug_loc     0x00000d58      0x1b4 obj/libs/STM32F30x_StdPeriph_Driver/src/stm32f30x_exti.o
 .debug_loc     0x00000f0c      0x2d8 obj/libs/STM32F30x_StdPeriph_Driver/src/stm32f30x_gpio.o
 .debug_loc     0x000011e4      0x930 obj/libs/STM32F30x_StdPeriph_Driver/src/stm32f30x_i2c.o
 .debug_loc     0x00001b14      0x864 obj/libs/STM32F30x_StdPeriph_Driver/src/stm32f30x_rcc.o
 .debug_loc     0x00002378      0x702 obj/libs/STM32F30x_StdPeriph_Driver/src/stm32f30x_spi.o
 .debug_loc     0x00002a7a      0x2f8 obj/libs/STM32F30x_StdPeriph_Driver/src/stm32f30x_syscfg.o

.debug_aranges  0x00000000      0x7d8
 .debug_aranges
                0x00000000       0x30 obj/src/OSAL/system_stm32f30x.o
 .debug_aranges
                0x00000030       0x78 obj/src/main.o
 .debug_aranges
                0x000000a8       0x68 obj/src/stm32f30x_it.o
 .debug_aranges
                0x00000110       0x78 obj/src/stm32f3_discovery_l3gd20.o
 .debug_aranges
                0x00000188       0x98 obj/src/stm32f3_discovery_lsm303dlhc.o
 .debug_aranges
                0x00000220       0x48 obj/src/stm32f3_discovery.o
 .debug_aranges
                0x00000268       0x40 obj/libs/STM32F30x_StdPeriph_Driver/src/stm32f30x_misc.o
 .debug_aranges
                0x000002a8       0x58 obj/libs/STM32F30x_StdPeriph_Driver/src/stm32f30x_exti.o
 .debug_aranges
                0x00000300       0x80 obj/libs/STM32F30x_StdPeriph_Driver/src/stm32f30x_gpio.o
 .debug_aranges
                0x00000380      0x168 obj/libs/STM32F30x_StdPeriph_Driver/src/stm32f30x_i2c.o
 .debug_aranges
                0x000004e8      0x150 obj/libs/STM32F30x_StdPeriph_Driver/src/stm32f30x_rcc.o
 .debug_aranges
                0x00000638      0x118 obj/libs/STM32F30x_StdPeriph_Driver/src/stm32f30x_spi.o
 .debug_aranges
                0x00000750       0x88 obj/libs/STM32F30x_StdPeriph_Driver/src/stm32f30x_syscfg.o

.debug_ranges   0x00000000      0x708
 .debug_ranges  0x00000000       0x20 obj/src/OSAL/system_stm32f30x.o
 .debug_ranges  0x00000020       0x68 obj/src/main.o
 .debug_ranges  0x00000088       0x58 obj/src/stm32f30x_it.o
 .debug_ranges  0x000000e0       0x68 obj/src/stm32f3_discovery_l3gd20.o
 .debug_ranges  0x00000148       0x88 obj/src/stm32f3_discovery_lsm303dlhc.o
 .debug_ranges  0x000001d0       0x38 obj/src/stm32f3_discovery.o
 .debug_ranges  0x00000208       0x30 obj/libs/STM32F30x_StdPeriph_Driver/src/stm32f30x_misc.o
 .debug_ranges  0x00000238       0x48 obj/libs/STM32F30x_StdPeriph_Driver/src/stm32f30x_exti.o
 .debug_ranges  0x00000280       0x70 obj/libs/STM32F30x_StdPeriph_Driver/src/stm32f30x_gpio.o
 .debug_ranges  0x000002f0      0x158 obj/libs/STM32F30x_StdPeriph_Driver/src/stm32f30x_i2c.o
 .debug_ranges  0x00000448      0x140 obj/libs/STM32F30x_StdPeriph_Driver/src/stm32f30x_rcc.o
 .debug_ranges  0x00000588      0x108 obj/libs/STM32F30x_StdPeriph_Driver/src/stm32f30x_spi.o
 .debug_ranges  0x00000690       0x78 obj/libs/STM32F30x_StdPeriph_Driver/src/stm32f30x_syscfg.o

.debug_line     0x00000000     0x2572
 .debug_line    0x00000000      0x150 obj/src/OSAL/system_stm32f30x.o
 .debug_line    0x00000150      0x4cb obj/src/main.o
 .debug_line    0x0000061b      0x1c3 obj/src/stm32f30x_it.o
 .debug_line    0x000007de      0x2bc obj/src/stm32f3_discovery_l3gd20.o
 .debug_line    0x00000a9a      0x3aa obj/src/stm32f3_discovery_lsm303dlhc.o
 .debug_line    0x00000e44      0x1e1 obj/src/stm32f3_discovery.o
 .debug_line    0x00001025      0x189 obj/libs/STM32F30x_StdPeriph_Driver/src/stm32f30x_misc.o
 .debug_line    0x000011ae      0x1e7 obj/libs/STM32F30x_StdPeriph_Driver/src/stm32f30x_exti.o
 .debug_line    0x00001395      0x255 obj/libs/STM32F30x_StdPeriph_Driver/src/stm32f30x_gpio.o
 .debug_line    0x000015ea      0x49f obj/libs/STM32F30x_StdPeriph_Driver/src/stm32f30x_i2c.o
 .debug_line    0x00001a89      0x4c0 obj/libs/STM32F30x_StdPeriph_Driver/src/stm32f30x_rcc.o
 .debug_line    0x00001f49      0x429 obj/libs/STM32F30x_StdPeriph_Driver/src/stm32f30x_spi.o
 .debug_line    0x00002372      0x200 obj/libs/STM32F30x_StdPeriph_Driver/src/stm32f30x_syscfg.o

.debug_str      0x00000000     0x299b
 .debug_str     0x00000000      0x20c obj/src/OSAL/system_stm32f30x.o
                                0x266 (size before relaxing)
 .debug_str     0x0000020c      0xa8c obj/src/main.o
                                0xc30 (size before relaxing)
 .debug_str     0x00000c98       0xb4 obj/src/stm32f30x_it.o
                                0x1dd (size before relaxing)
 .debug_str     0x00000d4c      0x495 obj/src/stm32f3_discovery_l3gd20.o
                                0x67f (size before relaxing)
 .debug_str     0x000011e1      0x424 obj/src/stm32f3_discovery_lsm303dlhc.o
                                0x86b (size before relaxing)
 .debug_str     0x00001605      0x1c4 obj/src/stm32f3_discovery.o
                                0x9db (size before relaxing)
 .debug_str     0x000017c9      0x108 obj/libs/STM32F30x_StdPeriph_Driver/src/stm32f30x_misc.o
                                0x352 (size before relaxing)
 .debug_str     0x000018d1      0x11f obj/libs/STM32F30x_StdPeriph_Driver/src/stm32f30x_exti.o
                                0x30e (size before relaxing)
 .debug_str     0x000019f0      0x178 obj/libs/STM32F30x_StdPeriph_Driver/src/stm32f30x_gpio.o
                                0x418 (size before relaxing)
 .debug_str     0x00001b68      0x3be obj/libs/STM32F30x_StdPeriph_Driver/src/stm32f30x_i2c.o
                                0x5c6 (size before relaxing)
 .debug_str     0x00001f26      0x45a obj/libs/STM32F30x_StdPeriph_Driver/src/stm32f30x_rcc.o
                                0x76d (size before relaxing)
 .debug_str     0x00002380      0x3bd obj/libs/STM32F30x_StdPeriph_Driver/src/stm32f30x_spi.o
                                0x740 (size before relaxing)
 .debug_str     0x0000273d      0x25e obj/libs/STM32F30x_StdPeriph_Driver/src/stm32f30x_syscfg.o
                                0x384 (size before relaxing)

.comment        0x00000000       0x30
 .comment       0x00000000       0x30 obj/src/OSAL/system_stm32f30x.o
                                 0x31 (size before relaxing)
 .comment       0x00000000       0x31 obj/src/main.o
 .comment       0x00000000       0x31 obj/src/stm32f30x_it.o
 .comment       0x00000000       0x31 obj/src/stm32f3_discovery_l3gd20.o
 .comment       0x00000000       0x31 obj/src/stm32f3_discovery_lsm303dlhc.o
 .comment       0x00000000       0x31 obj/src/stm32f3_discovery.o
 .comment       0x00000000       0x31 obj/libs/STM32F30x_StdPeriph_Driver/src/stm32f30x_misc.o
 .comment       0x00000000       0x31 obj/libs/STM32F30x_StdPeriph_Driver/src/stm32f30x_exti.o
 .comment       0x00000000       0x31 obj/libs/STM32F30x_StdPeriph_Driver/src/stm32f30x_gpio.o
 .comment       0x00000000       0x31 obj/libs/STM32F30x_StdPeriph_Driver/src/stm32f30x_i2c.o
 .comment       0x00000000       0x31 obj/libs/STM32F30x_StdPeriph_Driver/src/stm32f30x_rcc.o
 .comment       0x00000000       0x31 obj/libs/STM32F30x_StdPeriph_Driver/src/stm32f30x_spi.o
 .comment       0x00000000       0x31 obj/libs/STM32F30x_StdPeriph_Driver/src/stm32f30x_syscfg.o

.debug_frame    0x00000000     0x1af4
 .debug_frame   0x00000000       0x64 obj/src/OSAL/system_stm32f30x.o
 .debug_frame   0x00000064      0x17c obj/src/main.o
 .debug_frame   0x000001e0      0x128 obj/src/stm32f30x_it.o
 .debug_frame   0x00000308      0x190 obj/src/stm32f3_discovery_l3gd20.o
 .debug_frame   0x00000498      0x210 obj/src/stm32f3_discovery_lsm303dlhc.o
 .debug_frame   0x000006a8       0xc4 obj/src/stm32f3_discovery.o
 .debug_frame   0x0000076c       0x9c obj/libs/STM32F30x_StdPeriph_Driver/src/stm32f30x_misc.o
 .debug_frame   0x00000808       0xf0 obj/libs/STM32F30x_StdPeriph_Driver/src/stm32f30x_exti.o
 .debug_frame   0x000008f8      0x180 obj/libs/STM32F30x_StdPeriph_Driver/src/stm32f30x_gpio.o
 .debug_frame   0x00000a78      0x4ac obj/libs/STM32F30x_StdPeriph_Driver/src/stm32f30x_i2c.o
 .debug_frame   0x00000f24      0x458 obj/libs/STM32F30x_StdPeriph_Driver/src/stm32f30x_rcc.o
 .debug_frame   0x0000137c      0x398 obj/libs/STM32F30x_StdPeriph_Driver/src/stm32f30x_spi.o
 .debug_frame   0x00001714      0x19c obj/libs/STM32F30x_StdPeriph_Driver/src/stm32f30x_syscfg.o
 .debug_frame   0x000018b0       0x34 /home/chaitannya/CodeSourcery/bin/../lib/gcc/arm-none-eabi/4.7.3/../../../../arm-none-eabi/lib/thumb2/libm.a(lib_a-w_acos.o)
 .debug_frame   0x000018e4       0x38 /home/chaitannya/CodeSourcery/bin/../lib/gcc/arm-none-eabi/4.7.3/../../../../arm-none-eabi/lib/thumb2/libm.a(lib_a-w_sqrt.o)
 .debug_frame   0x0000191c       0x20 /home/chaitannya/CodeSourcery/bin/../lib/gcc/arm-none-eabi/4.7.3/../../../../arm-none-eabi/lib/thumb2/libm.a(lib_a-wf_atan2.o)
 .debug_frame   0x0000193c       0x38 /home/chaitannya/CodeSourcery/bin/../lib/gcc/arm-none-eabi/4.7.3/../../../../arm-none-eabi/lib/thumb2/libm.a(lib_a-e_acos.o)
 .debug_frame   0x00001974       0x34 /home/chaitannya/CodeSourcery/bin/../lib/gcc/arm-none-eabi/4.7.3/../../../../arm-none-eabi/lib/thumb2/libm.a(lib_a-e_sqrt.o)
 .debug_frame   0x000019a8       0x30 /home/chaitannya/CodeSourcery/bin/../lib/gcc/arm-none-eabi/4.7.3/../../../../arm-none-eabi/lib/thumb2/libm.a(lib_a-ef_atan2.o)
 .debug_frame   0x000019d8       0x20 /home/chaitannya/CodeSourcery/bin/../lib/gcc/arm-none-eabi/4.7.3/../../../../arm-none-eabi/lib/thumb2/libm.a(lib_a-s_fabs.o)
 .debug_frame   0x000019f8       0x20 /home/chaitannya/CodeSourcery/bin/../lib/gcc/arm-none-eabi/4.7.3/../../../../arm-none-eabi/lib/thumb2/libm.a(lib_a-s_fpclassify.o)
 .debug_frame   0x00001a18       0x20 /home/chaitannya/CodeSourcery/bin/../lib/gcc/arm-none-eabi/4.7.3/../../../../arm-none-eabi/lib/thumb2/libm.a(lib_a-s_matherr.o)
 .debug_frame   0x00001a38       0x20 /home/chaitannya/CodeSourcery/bin/../lib/gcc/arm-none-eabi/4.7.3/../../../../arm-none-eabi/lib/thumb2/libm.a(lib_a-s_nan.o)
 .debug_frame   0x00001a58       0x30 /home/chaitannya/CodeSourcery/bin/../lib/gcc/arm-none-eabi/4.7.3/../../../../arm-none-eabi/lib/thumb2/libm.a(lib_a-sf_atan.o)
 .debug_frame   0x00001a88       0x20 /home/chaitannya/CodeSourcery/bin/../lib/gcc/arm-none-eabi/4.7.3/../../../../arm-none-eabi/lib/thumb2/libm.a(lib_a-sf_fabs.o)
 .debug_frame   0x00001aa8       0x20 /home/chaitannya/CodeSourcery/bin/../lib/gcc/arm-none-eabi/4.7.3/../../../../arm-none-eabi/lib/thumb2/libc.a(lib_a-errno.o)
 .debug_frame   0x00001ac8       0x2c /home/chaitannya/CodeSourcery/bin/../lib/gcc/arm-none-eabi/4.7.3/../../../../arm-none-eabi/lib/thumb2/libc.a(lib_a-init.o)

Cross Reference Table

Symbol                                            File
ADC1_2_IRQHandler                                 obj/src/OSAL/startup_stm32f30x.o
ADC3_IRQHandler                                   obj/src/OSAL/startup_stm32f30x.o
ADC4_IRQHandler                                   obj/src/OSAL/startup_stm32f30x.o
AHBPrescTable                                     obj/src/OSAL/system_stm32f30x.o
AccBuffer                                         obj/src/main.o
BUTTON_CLK                                        obj/src/stm32f3_discovery.o
BUTTON_EXTI_LINE                                  obj/src/stm32f3_discovery.o
BUTTON_IRQn                                       obj/src/stm32f3_discovery.o
BUTTON_PIN                                        obj/src/stm32f3_discovery.o
BUTTON_PIN_SOURCE                                 obj/src/stm32f3_discovery.o
BUTTON_PORT                                       obj/src/stm32f3_discovery.o
BUTTON_PORT_SOURCE                                obj/src/stm32f3_discovery.o
Buffer                                            obj/src/main.o
BusFault_Handler                                  obj/src/stm32f30x_it.o
                                                  obj/src/OSAL/startup_stm32f30x.o
CAN1_RX1_IRQHandler                               obj/src/OSAL/startup_stm32f30x.o
CAN1_SCE_IRQHandler                               obj/src/OSAL/startup_stm32f30x.o
COMP1_2_3_IRQHandler                              obj/src/OSAL/startup_stm32f30x.o
COMP4_5_6_IRQHandler                              obj/src/OSAL/startup_stm32f30x.o
COMP7_IRQHandler                                  obj/src/OSAL/startup_stm32f30x.o
DMA1_Channel1_IRQHandler                          obj/src/OSAL/startup_stm32f30x.o
DMA1_Channel2_IRQHandler                          obj/src/OSAL/startup_stm32f30x.o
DMA1_Channel3_IRQHandler                          obj/src/OSAL/startup_stm32f30x.o
DMA1_Channel4_IRQHandler                          obj/src/OSAL/startup_stm32f30x.o
DMA1_Channel5_IRQHandler                          obj/src/OSAL/startup_stm32f30x.o
DMA1_Channel6_IRQHandler                          obj/src/OSAL/startup_stm32f30x.o
DMA1_Channel7_IRQHandler                          obj/src/OSAL/startup_stm32f30x.o
DMA2_Channel1_IRQHandler                          obj/src/OSAL/startup_stm32f30x.o
DMA2_Channel2_IRQHandler                          obj/src/OSAL/startup_stm32f30x.o
DMA2_Channel3_IRQHandler                          obj/src/OSAL/startup_stm32f30x.o
DMA2_Channel4_IRQHandler                          obj/src/OSAL/startup_stm32f30x.o
DMA2_Channel5_IRQHandler                          obj/src/OSAL/startup_stm32f30x.o
DataReady                                         obj/src/main.o
                                                  obj/src/stm32f30x_it.o
DebugMon_Handler                                  obj/src/stm32f30x_it.o
                                                  obj/src/OSAL/startup_stm32f30x.o
Default_Handler                                   obj/src/OSAL/startup_stm32f30x.o
Delay                                             obj/src/main.o
Demo_CompassConfig                                obj/src/main.o
Demo_CompassReadAcc                               obj/src/main.o
Demo_CompassReadMag                               obj/src/main.o
Demo_GyroConfig                                   obj/src/main.o
Demo_GyroReadAngRate                              obj/src/main.o
EXTI0_IRQHandler                                  obj/src/stm32f30x_it.o
                                                  obj/src/OSAL/startup_stm32f30x.o
EXTI15_10_IRQHandler                              obj/src/OSAL/startup_stm32f30x.o
EXTI1_IRQHandler                                  obj/src/OSAL/startup_stm32f30x.o
EXTI2_TS_IRQHandler                               obj/src/OSAL/startup_stm32f30x.o
EXTI3_IRQHandler                                  obj/src/OSAL/startup_stm32f30x.o
EXTI4_IRQHandler                                  obj/src/OSAL/startup_stm32f30x.o
EXTI9_5_IRQHandler                                obj/src/OSAL/startup_stm32f30x.o
EXTI_ClearFlag                                    obj/libs/STM32F30x_StdPeriph_Driver/src/stm32f30x_exti.o
EXTI_ClearITPendingBit                            obj/libs/STM32F30x_StdPeriph_Driver/src/stm32f30x_exti.o
                                                  obj/src/stm32f30x_it.o
EXTI_DeInit                                       obj/libs/STM32F30x_StdPeriph_Driver/src/stm32f30x_exti.o
EXTI_GenerateSWInterrupt                          obj/libs/STM32F30x_StdPeriph_Driver/src/stm32f30x_exti.o
EXTI_GetFlagStatus                                obj/libs/STM32F30x_StdPeriph_Driver/src/stm32f30x_exti.o
EXTI_GetITStatus                                  obj/libs/STM32F30x_StdPeriph_Driver/src/stm32f30x_exti.o
                                                  obj/src/stm32f30x_it.o
EXTI_Init                                         obj/libs/STM32F30x_StdPeriph_Driver/src/stm32f30x_exti.o
                                                  obj/src/stm32f3_discovery.o
                                                  obj/src/stm32f3_discovery_lsm303dlhc.o
EXTI_StructInit                                   obj/libs/STM32F30x_StdPeriph_Driver/src/stm32f30x_exti.o
FLASH_IRQHandler                                  obj/src/OSAL/startup_stm32f30x.o
FPU_IRQHandler                                    obj/src/OSAL/startup_stm32f30x.o
GPIO_CLK                                          obj/src/stm32f3_discovery.o
GPIO_DeInit                                       obj/libs/STM32F30x_StdPeriph_Driver/src/stm32f30x_gpio.o
GPIO_Init                                         obj/libs/STM32F30x_StdPeriph_Driver/src/stm32f30x_gpio.o
                                                  obj/src/stm32f3_discovery.o
                                                  obj/src/stm32f3_discovery_lsm303dlhc.o
                                                  obj/src/stm32f3_discovery_l3gd20.o
GPIO_PIN                                          obj/src/stm32f3_discovery.o
GPIO_PORT                                         obj/src/stm32f3_discovery.o
GPIO_PinAFConfig                                  obj/libs/STM32F30x_StdPeriph_Driver/src/stm32f30x_gpio.o
                                                  obj/src/stm32f3_discovery_lsm303dlhc.o
                                                  obj/src/stm32f3_discovery_l3gd20.o
GPIO_PinLockConfig                                obj/libs/STM32F30x_StdPeriph_Driver/src/stm32f30x_gpio.o
GPIO_ReadInputData                                obj/libs/STM32F30x_StdPeriph_Driver/src/stm32f30x_gpio.o
GPIO_ReadInputDataBit                             obj/libs/STM32F30x_StdPeriph_Driver/src/stm32f30x_gpio.o
                                                  obj/src/stm32f3_discovery.o
GPIO_ReadOutputData                               obj/libs/STM32F30x_StdPeriph_Driver/src/stm32f30x_gpio.o
GPIO_ReadOutputDataBit                            obj/libs/STM32F30x_StdPeriph_Driver/src/stm32f30x_gpio.o
GPIO_ResetBits                                    obj/libs/STM32F30x_StdPeriph_Driver/src/stm32f30x_gpio.o
                                                  obj/src/stm32f3_discovery_l3gd20.o
GPIO_SetBits                                      obj/libs/STM32F30x_StdPeriph_Driver/src/stm32f30x_gpio.o
                                                  obj/src/stm32f3_discovery_l3gd20.o
GPIO_StructInit                                   obj/libs/STM32F30x_StdPeriph_Driver/src/stm32f30x_gpio.o
GPIO_Write                                        obj/libs/STM32F30x_StdPeriph_Driver/src/stm32f30x_gpio.o
GPIO_WriteBit                                     obj/libs/STM32F30x_StdPeriph_Driver/src/stm32f30x_gpio.o
HardFault_Handler                                 obj/src/stm32f30x_it.o
                                                  obj/src/OSAL/startup_stm32f30x.o
HeadingValue                                      obj/src/main.o
I2C1_ER_IRQHandler                                obj/src/OSAL/startup_stm32f30x.o
I2C1_EV_IRQHandler                                obj/src/OSAL/startup_stm32f30x.o
I2C2_ER_IRQHandler                                obj/src/OSAL/startup_stm32f30x.o
I2C2_EV_IRQHandler                                obj/src/OSAL/startup_stm32f30x.o
I2C_10BitAddressHeaderCmd                         obj/libs/STM32F30x_StdPeriph_Driver/src/stm32f30x_i2c.o
I2C_10BitAddressingModeCmd                        obj/libs/STM32F30x_StdPeriph_Driver/src/stm32f30x_i2c.o
I2C_AcknowledgeConfig                             obj/libs/STM32F30x_StdPeriph_Driver/src/stm32f30x_i2c.o
I2C_AutoEndCmd                                    obj/libs/STM32F30x_StdPeriph_Driver/src/stm32f30x_i2c.o
I2C_CalculatePEC                                  obj/libs/STM32F30x_StdPeriph_Driver/src/stm32f30x_i2c.o
I2C_ClearFlag                                     obj/libs/STM32F30x_StdPeriph_Driver/src/stm32f30x_i2c.o
                                                  obj/src/stm32f3_discovery_lsm303dlhc.o
I2C_ClearITPendingBit                             obj/libs/STM32F30x_StdPeriph_Driver/src/stm32f30x_i2c.o
I2C_ClockTimeoutCmd                               obj/libs/STM32F30x_StdPeriph_Driver/src/stm32f30x_i2c.o
I2C_Cmd                                           obj/libs/STM32F30x_StdPeriph_Driver/src/stm32f30x_i2c.o
                                                  obj/src/stm32f3_discovery_lsm303dlhc.o
I2C_DMACmd                                        obj/libs/STM32F30x_StdPeriph_Driver/src/stm32f30x_i2c.o
I2C_DeInit                                        obj/libs/STM32F30x_StdPeriph_Driver/src/stm32f30x_i2c.o
I2C_DualAddressCmd                                obj/libs/STM32F30x_StdPeriph_Driver/src/stm32f30x_i2c.o
I2C_ExtendedClockTimeoutCmd                       obj/libs/STM32F30x_StdPeriph_Driver/src/stm32f30x_i2c.o
I2C_GeneralCallCmd                                obj/libs/STM32F30x_StdPeriph_Driver/src/stm32f30x_i2c.o
I2C_GenerateSTART                                 obj/libs/STM32F30x_StdPeriph_Driver/src/stm32f30x_i2c.o
I2C_GenerateSTOP                                  obj/libs/STM32F30x_StdPeriph_Driver/src/stm32f30x_i2c.o
I2C_GetAddressMatched                             obj/libs/STM32F30x_StdPeriph_Driver/src/stm32f30x_i2c.o
I2C_GetFlagStatus                                 obj/libs/STM32F30x_StdPeriph_Driver/src/stm32f30x_i2c.o
                                                  obj/src/stm32f3_discovery_lsm303dlhc.o
I2C_GetITStatus                                   obj/libs/STM32F30x_StdPeriph_Driver/src/stm32f30x_i2c.o
I2C_GetPEC                                        obj/libs/STM32F30x_StdPeriph_Driver/src/stm32f30x_i2c.o
I2C_GetTransferDirection                          obj/libs/STM32F30x_StdPeriph_Driver/src/stm32f30x_i2c.o
I2C_ITConfig                                      obj/libs/STM32F30x_StdPeriph_Driver/src/stm32f30x_i2c.o
I2C_IdleClockTimeoutCmd                           obj/libs/STM32F30x_StdPeriph_Driver/src/stm32f30x_i2c.o
I2C_Init                                          obj/libs/STM32F30x_StdPeriph_Driver/src/stm32f30x_i2c.o
                                                  obj/src/stm32f3_discovery_lsm303dlhc.o
I2C_MasterRequestConfig                           obj/libs/STM32F30x_StdPeriph_Driver/src/stm32f30x_i2c.o
I2C_NumberOfBytesConfig                           obj/libs/STM32F30x_StdPeriph_Driver/src/stm32f30x_i2c.o
I2C_OwnAddress2Config                             obj/libs/STM32F30x_StdPeriph_Driver/src/stm32f30x_i2c.o
I2C_PECRequestCmd                                 obj/libs/STM32F30x_StdPeriph_Driver/src/stm32f30x_i2c.o
I2C_ReadRegister                                  obj/libs/STM32F30x_StdPeriph_Driver/src/stm32f30x_i2c.o
I2C_ReceiveData                                   obj/libs/STM32F30x_StdPeriph_Driver/src/stm32f30x_i2c.o
                                                  obj/src/stm32f3_discovery_lsm303dlhc.o
I2C_ReloadCmd                                     obj/libs/STM32F30x_StdPeriph_Driver/src/stm32f30x_i2c.o
I2C_SMBusAlertCmd                                 obj/libs/STM32F30x_StdPeriph_Driver/src/stm32f30x_i2c.o
I2C_SendData                                      obj/libs/STM32F30x_StdPeriph_Driver/src/stm32f30x_i2c.o
                                                  obj/src/stm32f3_discovery_lsm303dlhc.o
I2C_SlaveAddressConfig                            obj/libs/STM32F30x_StdPeriph_Driver/src/stm32f30x_i2c.o
I2C_SlaveByteControlCmd                           obj/libs/STM32F30x_StdPeriph_Driver/src/stm32f30x_i2c.o
I2C_SoftwareResetCmd                              obj/libs/STM32F30x_StdPeriph_Driver/src/stm32f30x_i2c.o
I2C_StopModeCmd                                   obj/libs/STM32F30x_StdPeriph_Driver/src/stm32f30x_i2c.o
I2C_StretchClockCmd                               obj/libs/STM32F30x_StdPeriph_Driver/src/stm32f30x_i2c.o
I2C_StructInit                                    obj/libs/STM32F30x_StdPeriph_Driver/src/stm32f30x_i2c.o
I2C_TimeoutAConfig                                obj/libs/STM32F30x_StdPeriph_Driver/src/stm32f30x_i2c.o
I2C_TimeoutBConfig                                obj/libs/STM32F30x_StdPeriph_Driver/src/stm32f30x_i2c.o
I2C_TransferHandling                              obj/libs/STM32F30x_StdPeriph_Driver/src/stm32f30x_i2c.o
                                                  obj/src/stm32f3_discovery_lsm303dlhc.o
I2S_Cmd                                           obj/libs/STM32F30x_StdPeriph_Driver/src/stm32f30x_spi.o
I2S_FullDuplexConfig                              obj/libs/STM32F30x_StdPeriph_Driver/src/stm32f30x_spi.o
I2S_Init                                          obj/libs/STM32F30x_StdPeriph_Driver/src/stm32f30x_spi.o
I2S_StructInit                                    obj/libs/STM32F30x_StdPeriph_Driver/src/stm32f30x_spi.o
L3GD20Timeout                                     obj/src/stm32f3_discovery_l3gd20.o
L3GD20_FilterCmd                                  obj/src/stm32f3_discovery_l3gd20.o
                                                  obj/src/main.o
L3GD20_FilterConfig                               obj/src/stm32f3_discovery_l3gd20.o
                                                  obj/src/main.o
L3GD20_GetDataStatus                              obj/src/stm32f3_discovery_l3gd20.o
L3GD20_INT1InterruptCmd                           obj/src/stm32f3_discovery_l3gd20.o
L3GD20_INT1InterruptConfig                        obj/src/stm32f3_discovery_l3gd20.o
L3GD20_INT2InterruptCmd                           obj/src/stm32f3_discovery_l3gd20.o
L3GD20_Init                                       obj/src/stm32f3_discovery_l3gd20.o
                                                  obj/src/main.o
L3GD20_Read                                       obj/src/stm32f3_discovery_l3gd20.o
                                                  obj/src/main.o
L3GD20_RebootCmd                                  obj/src/stm32f3_discovery_l3gd20.o
L3GD20_TIMEOUT_UserCallback                       obj/src/main.o
                                                  obj/src/stm32f3_discovery_l3gd20.o
L3GD20_Write                                      obj/src/stm32f3_discovery_l3gd20.o
LSM303DLHC_AccClickITConfig                       obj/src/stm32f3_discovery_lsm303dlhc.o
LSM303DLHC_AccFilterClickCmd                      obj/src/stm32f3_discovery_lsm303dlhc.o
LSM303DLHC_AccFilterCmd                           obj/src/stm32f3_discovery_lsm303dlhc.o
LSM303DLHC_AccFilterConfig                        obj/src/stm32f3_discovery_lsm303dlhc.o
                                                  obj/src/main.o
LSM303DLHC_AccGetDataStatus                       obj/src/stm32f3_discovery_lsm303dlhc.o
LSM303DLHC_AccINT1InterruptConfig                 obj/src/stm32f3_discovery_lsm303dlhc.o
LSM303DLHC_AccINT2InterruptConfig                 obj/src/stm32f3_discovery_lsm303dlhc.o
LSM303DLHC_AccIT1Config                           obj/src/stm32f3_discovery_lsm303dlhc.o
LSM303DLHC_AccIT2Config                           obj/src/stm32f3_discovery_lsm303dlhc.o
LSM303DLHC_AccInit                                obj/src/stm32f3_discovery_lsm303dlhc.o
                                                  obj/src/main.o
LSM303DLHC_AccRebootCmd                           obj/src/stm32f3_discovery_lsm303dlhc.o
LSM303DLHC_MagGetDataStatus                       obj/src/stm32f3_discovery_lsm303dlhc.o
LSM303DLHC_MagInit                                obj/src/stm32f3_discovery_lsm303dlhc.o
                                                  obj/src/main.o
LSM303DLHC_Read                                   obj/src/stm32f3_discovery_lsm303dlhc.o
                                                  obj/src/main.o
LSM303DLHC_TIMEOUT_UserCallback                   obj/src/main.o
                                                  obj/src/stm32f3_discovery_lsm303dlhc.o
LSM303DLHC_Timeout                                obj/src/stm32f3_discovery_lsm303dlhc.o
LSM303DLHC_Write                                  obj/src/stm32f3_discovery_lsm303dlhc.o
MagBuffer                                         obj/src/main.o
MemManage_Handler                                 obj/src/stm32f30x_it.o
                                                  obj/src/OSAL/startup_stm32f30x.o
NMI_Handler                                       obj/src/stm32f30x_it.o
                                                  obj/src/OSAL/startup_stm32f30x.o
NVIC_Init                                         obj/libs/STM32F30x_StdPeriph_Driver/src/stm32f30x_misc.o
                                                  obj/src/stm32f3_discovery.o
NVIC_PriorityGroupConfig                          obj/libs/STM32F30x_StdPeriph_Driver/src/stm32f30x_misc.o
NVIC_SetVectorTable                               obj/libs/STM32F30x_StdPeriph_Driver/src/stm32f30x_misc.o
NVIC_SystemLPConfig                               obj/libs/STM32F30x_StdPeriph_Driver/src/stm32f30x_misc.o
PVD_IRQHandler                                    obj/src/OSAL/startup_stm32f30x.o
PendSV_Handler                                    obj/src/stm32f30x_it.o
                                                  obj/src/OSAL/startup_stm32f30x.o
PitchAng                                          obj/src/main.o
PrevXferComplete                                  obj/src/main.o
RCC_ADCCLKConfig                                  obj/libs/STM32F30x_StdPeriph_Driver/src/stm32f30x_rcc.o
RCC_AHBPeriphClockCmd                             obj/libs/STM32F30x_StdPeriph_Driver/src/stm32f30x_rcc.o
                                                  obj/src/stm32f3_discovery.o
                                                  obj/src/stm32f3_discovery_lsm303dlhc.o
                                                  obj/src/stm32f3_discovery_l3gd20.o
RCC_AHBPeriphResetCmd                             obj/libs/STM32F30x_StdPeriph_Driver/src/stm32f30x_rcc.o
                                                  obj/libs/STM32F30x_StdPeriph_Driver/src/stm32f30x_gpio.o
RCC_APB1PeriphClockCmd                            obj/libs/STM32F30x_StdPeriph_Driver/src/stm32f30x_rcc.o
                                                  obj/src/stm32f3_discovery_lsm303dlhc.o
RCC_APB1PeriphResetCmd                            obj/libs/STM32F30x_StdPeriph_Driver/src/stm32f30x_rcc.o
                                                  obj/libs/STM32F30x_StdPeriph_Driver/src/stm32f30x_usart.o
                                                  obj/libs/STM32F30x_StdPeriph_Driver/src/stm32f30x_spi.o
                                                  obj/libs/STM32F30x_StdPeriph_Driver/src/stm32f30x_i2c.o
RCC_APB2PeriphClockCmd                            obj/libs/STM32F30x_StdPeriph_Driver/src/stm32f30x_rcc.o
                                                  obj/src/stm32f3_discovery.o
                                                  obj/src/stm32f3_discovery_l3gd20.o
RCC_APB2PeriphResetCmd                            obj/libs/STM32F30x_StdPeriph_Driver/src/stm32f30x_rcc.o
                                                  obj/libs/STM32F30x_StdPeriph_Driver/src/stm32f30x_usart.o
                                                  obj/libs/STM32F30x_StdPeriph_Driver/src/stm32f30x_spi.o
RCC_AdjustHSICalibrationValue                     obj/libs/STM32F30x_StdPeriph_Driver/src/stm32f30x_rcc.o
RCC_BackupResetCmd                                obj/libs/STM32F30x_StdPeriph_Driver/src/stm32f30x_rcc.o
RCC_ClearFlag                                     obj/libs/STM32F30x_StdPeriph_Driver/src/stm32f30x_rcc.o
RCC_ClearITPendingBit                             obj/libs/STM32F30x_StdPeriph_Driver/src/stm32f30x_rcc.o
RCC_ClockSecuritySystemCmd                        obj/libs/STM32F30x_StdPeriph_Driver/src/stm32f30x_rcc.o
RCC_Clocks                                        obj/src/main.o
RCC_DeInit                                        obj/libs/STM32F30x_StdPeriph_Driver/src/stm32f30x_rcc.o
RCC_GetClocksFreq                                 obj/libs/STM32F30x_StdPeriph_Driver/src/stm32f30x_rcc.o
                                                  obj/libs/STM32F30x_StdPeriph_Driver/src/stm32f30x_usart.o
                                                  obj/libs/STM32F30x_StdPeriph_Driver/src/stm32f30x_spi.o
                                                  obj/src/main.o
RCC_GetFlagStatus                                 obj/libs/STM32F30x_StdPeriph_Driver/src/stm32f30x_rcc.o
RCC_GetITStatus                                   obj/libs/STM32F30x_StdPeriph_Driver/src/stm32f30x_rcc.o
RCC_GetSYSCLKSource                               obj/libs/STM32F30x_StdPeriph_Driver/src/stm32f30x_rcc.o
RCC_HCLKConfig                                    obj/libs/STM32F30x_StdPeriph_Driver/src/stm32f30x_rcc.o
RCC_HSEConfig                                     obj/libs/STM32F30x_StdPeriph_Driver/src/stm32f30x_rcc.o
RCC_HSICmd                                        obj/libs/STM32F30x_StdPeriph_Driver/src/stm32f30x_rcc.o
RCC_I2CCLKConfig                                  obj/libs/STM32F30x_StdPeriph_Driver/src/stm32f30x_rcc.o
RCC_I2SCLKConfig                                  obj/libs/STM32F30x_StdPeriph_Driver/src/stm32f30x_rcc.o
RCC_IRQHandler                                    obj/src/OSAL/startup_stm32f30x.o
RCC_ITConfig                                      obj/libs/STM32F30x_StdPeriph_Driver/src/stm32f30x_rcc.o
RCC_LSEConfig                                     obj/libs/STM32F30x_StdPeriph_Driver/src/stm32f30x_rcc.o
RCC_LSEDriveConfig                                obj/libs/STM32F30x_StdPeriph_Driver/src/stm32f30x_rcc.o
RCC_LSICmd                                        obj/libs/STM32F30x_StdPeriph_Driver/src/stm32f30x_rcc.o
RCC_MCOConfig                                     obj/libs/STM32F30x_StdPeriph_Driver/src/stm32f30x_rcc.o
RCC_PCLK1Config                                   obj/libs/STM32F30x_StdPeriph_Driver/src/stm32f30x_rcc.o
RCC_PCLK2Config                                   obj/libs/STM32F30x_StdPeriph_Driver/src/stm32f30x_rcc.o
RCC_PLLCmd                                        obj/libs/STM32F30x_StdPeriph_Driver/src/stm32f30x_rcc.o
RCC_PLLConfig                                     obj/libs/STM32F30x_StdPeriph_Driver/src/stm32f30x_rcc.o
RCC_PREDIV1Config                                 obj/libs/STM32F30x_StdPeriph_Driver/src/stm32f30x_rcc.o
RCC_RTCCLKCmd                                     obj/libs/STM32F30x_StdPeriph_Driver/src/stm32f30x_rcc.o
RCC_RTCCLKConfig                                  obj/libs/STM32F30x_StdPeriph_Driver/src/stm32f30x_rcc.o
RCC_SYSCLKConfig                                  obj/libs/STM32F30x_StdPeriph_Driver/src/stm32f30x_rcc.o
RCC_TIMCLKConfig                                  obj/libs/STM32F30x_StdPeriph_Driver/src/stm32f30x_rcc.o
RCC_USARTCLKConfig                                obj/libs/STM32F30x_StdPeriph_Driver/src/stm32f30x_rcc.o
RCC_USBCLKConfig                                  obj/libs/STM32F30x_StdPeriph_Driver/src/stm32f30x_rcc.o
RCC_WaitForHSEStartUp                             obj/libs/STM32F30x_StdPeriph_Driver/src/stm32f30x_rcc.o
RTC_Alarm_IRQHandler                              obj/src/OSAL/startup_stm32f30x.o
RTC_WKUP_IRQHandler                               obj/src/OSAL/startup_stm32f30x.o
Reset_Handler                                     obj/src/OSAL/startup_stm32f30x.o
RollAng                                           obj/src/main.o
SPI1_IRQHandler                                   obj/src/OSAL/startup_stm32f30x.o
SPI2_IRQHandler                                   obj/src/OSAL/startup_stm32f30x.o
SPI3_IRQHandler                                   obj/src/OSAL/startup_stm32f30x.o
SPI_BiDirectionalLineConfig                       obj/libs/STM32F30x_StdPeriph_Driver/src/stm32f30x_spi.o
SPI_CRCLengthConfig                               obj/libs/STM32F30x_StdPeriph_Driver/src/stm32f30x_spi.o
SPI_CalculateCRC                                  obj/libs/STM32F30x_StdPeriph_Driver/src/stm32f30x_spi.o
SPI_Cmd                                           obj/libs/STM32F30x_StdPeriph_Driver/src/stm32f30x_spi.o
                                                  obj/src/stm32f3_discovery_l3gd20.o
SPI_DataSizeConfig                                obj/libs/STM32F30x_StdPeriph_Driver/src/stm32f30x_spi.o
SPI_GetCRC                                        obj/libs/STM32F30x_StdPeriph_Driver/src/stm32f30x_spi.o
SPI_GetCRCPolynomial                              obj/libs/STM32F30x_StdPeriph_Driver/src/stm32f30x_spi.o
SPI_GetReceptionFIFOStatus                        obj/libs/STM32F30x_StdPeriph_Driver/src/stm32f30x_spi.o
SPI_GetTransmissionFIFOStatus                     obj/libs/STM32F30x_StdPeriph_Driver/src/stm32f30x_spi.o
SPI_I2S_ClearFlag                                 obj/libs/STM32F30x_StdPeriph_Driver/src/stm32f30x_spi.o
SPI_I2S_DMACmd                                    obj/libs/STM32F30x_StdPeriph_Driver/src/stm32f30x_spi.o
SPI_I2S_DeInit                                    obj/libs/STM32F30x_StdPeriph_Driver/src/stm32f30x_spi.o
                                                  obj/src/stm32f3_discovery_l3gd20.o
SPI_I2S_GetFlagStatus                             obj/libs/STM32F30x_StdPeriph_Driver/src/stm32f30x_spi.o
                                                  obj/src/stm32f3_discovery_l3gd20.o
SPI_I2S_GetITStatus                               obj/libs/STM32F30x_StdPeriph_Driver/src/stm32f30x_spi.o
SPI_I2S_ITConfig                                  obj/libs/STM32F30x_StdPeriph_Driver/src/stm32f30x_spi.o
SPI_I2S_ReceiveData16                             obj/libs/STM32F30x_StdPeriph_Driver/src/stm32f30x_spi.o
SPI_I2S_SendData16                                obj/libs/STM32F30x_StdPeriph_Driver/src/stm32f30x_spi.o
SPI_Init                                          obj/libs/STM32F30x_StdPeriph_Driver/src/stm32f30x_spi.o
                                                  obj/src/stm32f3_discovery_l3gd20.o
SPI_LastDMATransferCmd                            obj/libs/STM32F30x_StdPeriph_Driver/src/stm32f30x_spi.o
SPI_NSSInternalSoftwareConfig                     obj/libs/STM32F30x_StdPeriph_Driver/src/stm32f30x_spi.o
SPI_NSSPulseModeCmd                               obj/libs/STM32F30x_StdPeriph_Driver/src/stm32f30x_spi.o
SPI_ReceiveData8                                  obj/libs/STM32F30x_StdPeriph_Driver/src/stm32f30x_spi.o
                                                  obj/src/stm32f3_discovery_l3gd20.o
SPI_RxFIFOThresholdConfig                         obj/libs/STM32F30x_StdPeriph_Driver/src/stm32f30x_spi.o
                                                  obj/src/stm32f3_discovery_l3gd20.o
SPI_SSOutputCmd                                   obj/libs/STM32F30x_StdPeriph_Driver/src/stm32f30x_spi.o
SPI_SendData8                                     obj/libs/STM32F30x_StdPeriph_Driver/src/stm32f30x_spi.o
                                                  obj/src/stm32f3_discovery_l3gd20.o
SPI_StructInit                                    obj/libs/STM32F30x_StdPeriph_Driver/src/stm32f30x_spi.o
SPI_TIModeCmd                                     obj/libs/STM32F30x_StdPeriph_Driver/src/stm32f30x_spi.o
SPI_TransmitCRC                                   obj/libs/STM32F30x_StdPeriph_Driver/src/stm32f30x_spi.o
STM_EVAL_LEDInit                                  obj/src/stm32f3_discovery.o
                                                  obj/src/main.o
STM_EVAL_LEDOff                                   obj/src/stm32f3_discovery.o
                                                  obj/src/main.o
STM_EVAL_LEDOn                                    obj/src/stm32f3_discovery.o
                                                  obj/src/main.o
STM_EVAL_LEDToggle                                obj/src/stm32f3_discovery.o
                                                  obj/src/main.o
STM_EVAL_PBGetState                               obj/src/stm32f3_discovery.o
                                                  obj/src/stm32f30x_it.o
STM_EVAL_PBInit                                   obj/src/stm32f3_discovery.o
                                                  obj/src/main.o
SVC_Handler                                       obj/src/stm32f30x_it.o
                                                  obj/src/OSAL/startup_stm32f30x.o
SYSCFG_BreakConfig                                obj/libs/STM32F30x_StdPeriph_Driver/src/stm32f30x_syscfg.o
SYSCFG_BypassParityCheckDisable                   obj/libs/STM32F30x_StdPeriph_Driver/src/stm32f30x_syscfg.o
SYSCFG_ClearFlag                                  obj/libs/STM32F30x_StdPeriph_Driver/src/stm32f30x_syscfg.o
SYSCFG_DMAChannelRemapConfig                      obj/libs/STM32F30x_StdPeriph_Driver/src/stm32f30x_syscfg.o
SYSCFG_DeInit                                     obj/libs/STM32F30x_StdPeriph_Driver/src/stm32f30x_syscfg.o
SYSCFG_EXTILineConfig                             obj/libs/STM32F30x_StdPeriph_Driver/src/stm32f30x_syscfg.o
                                                  obj/src/stm32f3_discovery.o
                                                  obj/src/stm32f3_discovery_lsm303dlhc.o
SYSCFG_EncoderRemapConfig                         obj/libs/STM32F30x_StdPeriph_Driver/src/stm32f30x_syscfg.o
SYSCFG_GetFlagStatus                              obj/libs/STM32F30x_StdPeriph_Driver/src/stm32f30x_syscfg.o
SYSCFG_I2CFastModePlusConfig                      obj/libs/STM32F30x_StdPeriph_Driver/src/stm32f30x_syscfg.o
SYSCFG_ITConfig                                   obj/libs/STM32F30x_StdPeriph_Driver/src/stm32f30x_syscfg.o
SYSCFG_MemoryRemapConfig                          obj/libs/STM32F30x_StdPeriph_Driver/src/stm32f30x_syscfg.o
SYSCFG_SRAMWRPEnable                              obj/libs/STM32F30x_StdPeriph_Driver/src/stm32f30x_syscfg.o
SYSCFG_TriggerRemapConfig                         obj/libs/STM32F30x_StdPeriph_Driver/src/stm32f30x_syscfg.o
SYSCFG_USBInterruptLineRemapCmd                   obj/libs/STM32F30x_StdPeriph_Driver/src/stm32f30x_syscfg.o
SysTick_CLKSourceConfig                           obj/libs/STM32F30x_StdPeriph_Driver/src/stm32f30x_misc.o
SysTick_Handler                                   obj/src/stm32f30x_it.o
                                                  obj/src/OSAL/startup_stm32f30x.o
SystemCoreClock                                   obj/src/OSAL/system_stm32f30x.o
SystemCoreClockUpdate                             obj/src/OSAL/system_stm32f30x.o
SystemInit                                        obj/src/OSAL/system_stm32f30x.o
                                                  obj/src/OSAL/startup_stm32f30x.o
TAMPER_STAMP_IRQHandler                           obj/src/OSAL/startup_stm32f30x.o
TIM1_BRK_TIM15_IRQHandler                         obj/src/OSAL/startup_stm32f30x.o
TIM1_CC_IRQHandler                                obj/src/OSAL/startup_stm32f30x.o
TIM1_TRG_COM_TIM17_IRQHandler                     obj/src/OSAL/startup_stm32f30x.o
TIM1_UP_TIM16_IRQHandler                          obj/src/OSAL/startup_stm32f30x.o
TIM2_IRQHandler                                   obj/src/OSAL/startup_stm32f30x.o
TIM3_IRQHandler                                   obj/src/OSAL/startup_stm32f30x.o
TIM4_IRQHandler                                   obj/src/OSAL/startup_stm32f30x.o
TIM6_DAC_IRQHandler                               obj/src/OSAL/startup_stm32f30x.o
TIM7_IRQHandler                                   obj/src/OSAL/startup_stm32f30x.o
TIM8_BRK_IRQHandler                               obj/src/OSAL/startup_stm32f30x.o
TIM8_CC_IRQHandler                                obj/src/OSAL/startup_stm32f30x.o
TIM8_TRG_COM_IRQHandler                           obj/src/OSAL/startup_stm32f30x.o
TIM8_UP_IRQHandler                                obj/src/OSAL/startup_stm32f30x.o
TimingDelay                                       obj/src/main.o
TimingDelay_Decrement                             obj/src/main.o
                                                  obj/src/stm32f30x_it.o
UART4_IRQHandler                                  obj/src/OSAL/startup_stm32f30x.o
UART5_IRQHandler                                  obj/src/OSAL/startup_stm32f30x.o
USART1_IRQHandler                                 obj/src/OSAL/startup_stm32f30x.o
USART2_IRQHandler                                 obj/src/OSAL/startup_stm32f30x.o
USART3_IRQHandler                                 obj/src/OSAL/startup_stm32f30x.o
USART_AddressDetectionConfig                      obj/libs/STM32F30x_StdPeriph_Driver/src/stm32f30x_usart.o
USART_AutoBaudRateCmd                             obj/libs/STM32F30x_StdPeriph_Driver/src/stm32f30x_usart.o
USART_AutoBaudRateConfig                          obj/libs/STM32F30x_StdPeriph_Driver/src/stm32f30x_usart.o
USART_ClearFlag                                   obj/libs/STM32F30x_StdPeriph_Driver/src/stm32f30x_usart.o
USART_ClearITPendingBit                           obj/libs/STM32F30x_StdPeriph_Driver/src/stm32f30x_usart.o
USART_ClockInit                                   obj/libs/STM32F30x_StdPeriph_Driver/src/stm32f30x_usart.o
USART_ClockStructInit                             obj/libs/STM32F30x_StdPeriph_Driver/src/stm32f30x_usart.o
USART_Cmd                                         obj/libs/STM32F30x_StdPeriph_Driver/src/stm32f30x_usart.o
USART_DECmd                                       obj/libs/STM32F30x_StdPeriph_Driver/src/stm32f30x_usart.o
USART_DEPolarityConfig                            obj/libs/STM32F30x_StdPeriph_Driver/src/stm32f30x_usart.o
USART_DMACmd                                      obj/libs/STM32F30x_StdPeriph_Driver/src/stm32f30x_usart.o
USART_DMAReceptionErrorConfig                     obj/libs/STM32F30x_StdPeriph_Driver/src/stm32f30x_usart.o
USART_DataInvCmd                                  obj/libs/STM32F30x_StdPeriph_Driver/src/stm32f30x_usart.o
USART_DeInit                                      obj/libs/STM32F30x_StdPeriph_Driver/src/stm32f30x_usart.o
USART_DirectionModeCmd                            obj/libs/STM32F30x_StdPeriph_Driver/src/stm32f30x_usart.o
USART_GetFlagStatus                               obj/libs/STM32F30x_StdPeriph_Driver/src/stm32f30x_usart.o
USART_GetITStatus                                 obj/libs/STM32F30x_StdPeriph_Driver/src/stm32f30x_usart.o
USART_HalfDuplexCmd                               obj/libs/STM32F30x_StdPeriph_Driver/src/stm32f30x_usart.o
USART_ITConfig                                    obj/libs/STM32F30x_StdPeriph_Driver/src/stm32f30x_usart.o
USART_Init                                        obj/libs/STM32F30x_StdPeriph_Driver/src/stm32f30x_usart.o
USART_InvPinCmd                                   obj/libs/STM32F30x_StdPeriph_Driver/src/stm32f30x_usart.o
USART_IrDACmd                                     obj/libs/STM32F30x_StdPeriph_Driver/src/stm32f30x_usart.o
USART_IrDAConfig                                  obj/libs/STM32F30x_StdPeriph_Driver/src/stm32f30x_usart.o
USART_LINBreakDetectLengthConfig                  obj/libs/STM32F30x_StdPeriph_Driver/src/stm32f30x_usart.o
USART_LINCmd                                      obj/libs/STM32F30x_StdPeriph_Driver/src/stm32f30x_usart.o
USART_MSBFirstCmd                                 obj/libs/STM32F30x_StdPeriph_Driver/src/stm32f30x_usart.o
USART_MuteModeCmd                                 obj/libs/STM32F30x_StdPeriph_Driver/src/stm32f30x_usart.o
USART_MuteModeWakeUpConfig                        obj/libs/STM32F30x_StdPeriph_Driver/src/stm32f30x_usart.o
USART_OneBitMethodCmd                             obj/libs/STM32F30x_StdPeriph_Driver/src/stm32f30x_usart.o
USART_OverSampling8Cmd                            obj/libs/STM32F30x_StdPeriph_Driver/src/stm32f30x_usart.o
USART_OverrunDetectionConfig                      obj/libs/STM32F30x_StdPeriph_Driver/src/stm32f30x_usart.o
USART_ReceiveData                                 obj/libs/STM32F30x_StdPeriph_Driver/src/stm32f30x_usart.o
USART_ReceiverTimeOutCmd                          obj/libs/STM32F30x_StdPeriph_Driver/src/stm32f30x_usart.o
USART_RequestCmd                                  obj/libs/STM32F30x_StdPeriph_Driver/src/stm32f30x_usart.o
USART_STOPModeCmd                                 obj/libs/STM32F30x_StdPeriph_Driver/src/stm32f30x_usart.o
USART_SWAPPinCmd                                  obj/libs/STM32F30x_StdPeriph_Driver/src/stm32f30x_usart.o
USART_SendData                                    obj/libs/STM32F30x_StdPeriph_Driver/src/stm32f30x_usart.o
USART_SetAddress                                  obj/libs/STM32F30x_StdPeriph_Driver/src/stm32f30x_usart.o
USART_SetAutoRetryCount                           obj/libs/STM32F30x_StdPeriph_Driver/src/stm32f30x_usart.o
USART_SetBlockLength                              obj/libs/STM32F30x_StdPeriph_Driver/src/stm32f30x_usart.o
USART_SetDEAssertionTime                          obj/libs/STM32F30x_StdPeriph_Driver/src/stm32f30x_usart.o
USART_SetDEDeassertionTime                        obj/libs/STM32F30x_StdPeriph_Driver/src/stm32f30x_usart.o
USART_SetGuardTime                                obj/libs/STM32F30x_StdPeriph_Driver/src/stm32f30x_usart.o
USART_SetPrescaler                                obj/libs/STM32F30x_StdPeriph_Driver/src/stm32f30x_usart.o
USART_SetReceiverTimeOut                          obj/libs/STM32F30x_StdPeriph_Driver/src/stm32f30x_usart.o
USART_SmartCardCmd                                obj/libs/STM32F30x_StdPeriph_Driver/src/stm32f30x_usart.o
USART_SmartCardNACKCmd                            obj/libs/STM32F30x_StdPeriph_Driver/src/stm32f30x_usart.o
USART_StopModeWakeUpSourceConfig                  obj/libs/STM32F30x_StdPeriph_Driver/src/stm32f30x_usart.o
USART_StructInit                                  obj/libs/STM32F30x_StdPeriph_Driver/src/stm32f30x_usart.o
USBConnectTimeOut                                 obj/src/main.o
USBWakeUp_IRQHandler                              obj/src/OSAL/startup_stm32f30x.o
USBWakeUp_RMP_IRQHandler                          obj/src/OSAL/startup_stm32f30x.o
USB_HP_CAN1_TX_IRQHandler                         obj/src/OSAL/startup_stm32f30x.o
USB_HP_IRQHandler                                 obj/src/OSAL/startup_stm32f30x.o
USB_LP_CAN1_RX0_IRQHandler                        obj/src/OSAL/startup_stm32f30x.o
USB_LP_IRQHandler                                 obj/src/OSAL/startup_stm32f30x.o
UsageFault_Handler                                obj/src/stm32f30x_it.o
                                                  obj/src/OSAL/startup_stm32f30x.o
UserButtonPressed                                 obj/src/main.o
                                                  obj/src/stm32f30x_it.o
WWDG_IRQHandler                                   obj/src/OSAL/startup_stm32f30x.o
Xval                                              obj/src/main.o
Yval                                              obj/src/main.o
_ITM_deregisterTMCloneTable                       /home/chaitannya/CodeSourcery/bin/../lib/gcc/arm-none-eabi/4.7.3/thumb2/crtbegin.o
_ITM_registerTMCloneTable                         /home/chaitannya/CodeSourcery/bin/../lib/gcc/arm-none-eabi/4.7.3/thumb2/crtbegin.o
_Jv_RegisterClasses                               /home/chaitannya/CodeSourcery/bin/../lib/gcc/arm-none-eabi/4.7.3/thumb2/crtbegin.o
__TMC_END__                                       /home/chaitannya/CodeSourcery/bin/../lib/gcc/arm-none-eabi/4.7.3/thumb2/crtend.o
                                                  /home/chaitannya/CodeSourcery/bin/../lib/gcc/arm-none-eabi/4.7.3/thumb2/crtbegin.o
__adddf3                                          /home/chaitannya/CodeSourcery/bin/../lib/gcc/arm-none-eabi/4.7.3/thumb2/libgcc.a(_arm_addsubdf3.o)
__addsf3                                          /home/chaitannya/CodeSourcery/bin/../lib/gcc/arm-none-eabi/4.7.3/thumb2/libgcc.a(_arm_addsubsf3.o)
__aeabi_cdcmpeq                                   /home/chaitannya/CodeSourcery/bin/../lib/gcc/arm-none-eabi/4.7.3/thumb2/libgcc.a(_arm_cmpdf2.o)
__aeabi_cdcmple                                   /home/chaitannya/CodeSourcery/bin/../lib/gcc/arm-none-eabi/4.7.3/thumb2/libgcc.a(_arm_cmpdf2.o)
__aeabi_cdrcmple                                  /home/chaitannya/CodeSourcery/bin/../lib/gcc/arm-none-eabi/4.7.3/thumb2/libgcc.a(_arm_cmpdf2.o)
__aeabi_cfcmpeq                                   /home/chaitannya/CodeSourcery/bin/../lib/gcc/arm-none-eabi/4.7.3/thumb2/libgcc.a(_arm_cmpsf2.o)
__aeabi_cfcmple                                   /home/chaitannya/CodeSourcery/bin/../lib/gcc/arm-none-eabi/4.7.3/thumb2/libgcc.a(_arm_cmpsf2.o)
__aeabi_cfrcmple                                  /home/chaitannya/CodeSourcery/bin/../lib/gcc/arm-none-eabi/4.7.3/thumb2/libgcc.a(_arm_cmpsf2.o)
__aeabi_d2f                                       /home/chaitannya/CodeSourcery/bin/../lib/gcc/arm-none-eabi/4.7.3/thumb2/libgcc.a(_arm_truncdfsf2.o)
                                                  obj/src/main.o